<html>
<body>
<pre>
<h1>µVision Build Log</h1>
<h2>Tool Versions:</h2>
IDE-Version: ¦ÌVision V5.27.1.0
Copyright (C) 2019 ARM Ltd and ARM Germany GmbH. All rights reserved.
License Information: 1 123, 1, LIC=IK1BF-61K04-45KT5-GNFM0-ARN79-R2XGS
 
Tool Versions:
Toolchain:       MDK-ARM Plus  Version: 5.27.1.0
Toolchain Path:  C:\Keil\ARM\ARMCC\Bin
C Compiler:      Armcc.exe V5.06 update 6 (build 750)
Assembler:       Armasm.exe V5.06 update 6 (build 750)
Linker/Locator:  ArmLink.exe V5.06 update 6 (build 750)
Library Manager: ArmAr.exe V5.06 update 6 (build 750)
Hex Converter:   FromElf.exe V5.06 update 6 (build 750)
CPU DLL:         SARMCM3.DLL V5.27.1.0
Dialog DLL:      DCM.DLL V1.17.2.0
Target DLL:      Segger\JL2CM3.dll V2.99.35.0
Dialog DLL:      TCM.DLL V1.36.1.0
 
<h2>Project:</h2>
C:\Users\123\Desktop\softos\Demo\Keil-ARM\stm32f4xx\stm32f4xx.uvprojx
Project File Date:  01/22/2023

<h2>Output:</h2>
*** Using Compiler 'V5.06 update 6 (build 750)', folder: 'C:\Keil\ARM\ARMCC\Bin'
Build target 'softos arm demo'
compiling osError.c...
compiling osCPU.c...
compiling SysTick.c...
compiling stm32f4xx_it.c...
compiling main.c...
compiling LinkList.c...
..\..\..\SoftOs\stdfunc\LinkList.c(186): warning:  #940-D: missing return statement at end of non-void function "uLinkListInsert" 
  }
..\..\..\SoftOs\stdfunc\LinkList.c: 1 warning, 0 errors
compiling osMain.c...
compiling rtc.c...
compiling osMemory.c...
compiling osPost.c...
..\..\..\SoftOs\osPost.c(70): warning:  #177-D: variable "uList"  was declared but never referenced
  	_uList*	uList;
..\..\..\SoftOs\osPost.c: 1 warning, 0 errors
compiling osTask.c...
compiling osClock.c...
compiling osSignal.c...
..\..\..\SoftOs\osSignal.c(178): warning:  #223-D: function "uLinkListInsert" declared implicitly
  		uLinkListInsert(&ST -> SP,uList,TuList);
..\..\..\SoftOs\osSignal.c: 1 warning, 0 errors
compiling Demo.c...
compiling tftlcd.c...
Src\Func\tftlcd.c(1254): warning:  #111-D: statement is unreachable
   	return r;						
Src\Func\tftlcd.c(1076): warning:  #177-D: variable "r1"  was declared but never referenced
  	u16 r1,r2,r3;
Src\Func\tftlcd.c(1076): warning:  #177-D: variable "r2"  was declared but never referenced
  	u16 r1,r2,r3;
Src\Func\tftlcd.c(1076): warning:  #177-D: variable "r3"  was declared but never referenced
  	u16 r1,r2,r3;
Src\Func\tftlcd.c(1077): warning:  #177-D: variable "value"  was declared but never referenced
  	u32 value;
Src\Func\tftlcd.c(1392): warning:  #177-D: variable "i"  was declared but never referenced
  	u16 i;
Src\Func\tftlcd.c: 6 warnings, 0 errors
linking...
Program Size: Code=16344 RO-data=19136 RW-data=76 ZI-data=6108  
".\Objects\Template.axf" - 0 Error(s), 9 Warning(s).

<h2>Software Packages used:</h2>

Package Vendor: Keil
                http://www.keil.com/pack/Keil.STM32F4xx_DFP.2.15.0.pack
                Keil.STM32F4xx_DFP.2.15.0
                STMicroelectronics STM32F4 Series Device Support, Drivers and Examples

<h2>Collection of Component include folders:</h2>
  .\RTE\_softos_arm_demo
  C:\Keil\ARM\PACK\Keil\STM32F4xx_DFP\2.15.0\Drivers\CMSIS\Device\ST\STM32F4xx\Include

<h2>Collection of Component Files used:</h2>
Build Time Elapsed:  00:00:02
</pre>
</body>
</html>
