Component: ARM Compiler 5.06 update 6 (build 750) Tool: armlink [4d35ed]

==============================================================================

Section Cross References

    main.o(i.main) refers to osmain.o(i.osInit) for osInit
    main.o(i.main) refers to print.o(.emb_text) for print
    main.o(i.main) refers to ostask.o(i.osTaskLogin) for osTaskLogin
    main.o(i.main) refers to ospost.o(i.osPostReadWait) for osPostReadWait
    main.o(i.main) refers to ostask.o(i.osTaskDelayMs) for osTaskDelayMs
    main.o(i.main) refers to demo.o(i.Task1_Func) for Task1_Func
    main.o(i.main) refers to demo.o(i.Task2_Func) for Task2_Func
    main.o(i.main) refers to demo.o(i.Task3_Func) for Task3_Func
    main.o(i.main) refers to demo.o(i.Task4_Func) for Task4_Func
    demo.o(i.ADC_Temp_Init) refers to stm32f4xx_rcc.o(i.RCC_APB2PeriphClockCmd) for RCC_APB2PeriphClockCmd
    demo.o(i.ADC_Temp_Init) refers to stm32f4xx_adc.o(i.ADC_TempSensorVrefintCmd) for ADC_TempSensorVrefintCmd
    demo.o(i.ADC_Temp_Init) refers to stm32f4xx_adc.o(i.ADC_CommonInit) for ADC_CommonInit
    demo.o(i.ADC_Temp_Init) refers to stm32f4xx_adc.o(i.ADC_Init) for ADC_Init
    demo.o(i.ADC_Temp_Init) refers to stm32f4xx_adc.o(i.ADC_Cmd) for ADC_Cmd
    demo.o(i.Get_ADC_Temp_Value) refers to stm32f4xx_adc.o(i.ADC_RegularChannelConfig) for ADC_RegularChannelConfig
    demo.o(i.Get_ADC_Temp_Value) refers to stm32f4xx_adc.o(i.ADC_SoftwareStartConv) for ADC_SoftwareStartConv
    demo.o(i.Get_ADC_Temp_Value) refers to stm32f4xx_adc.o(i.ADC_GetFlagStatus) for ADC_GetFlagStatus
    demo.o(i.Get_ADC_Temp_Value) refers to stm32f4xx_adc.o(i.ADC_GetConversionValue) for ADC_GetConversionValue
    demo.o(i.Get_ADC_Temp_Value) refers to ostask.o(i.osTaskDelayMs) for osTaskDelayMs
    demo.o(i.Get_Temperture) refers to demo.o(i.Get_ADC_Temp_Value) for Get_ADC_Temp_Value
    demo.o(i.Get_Temperture) refers to f2d.o(.text) for __aeabi_f2d
    demo.o(i.Get_Temperture) refers to dmul.o(.text) for __aeabi_dmul
    demo.o(i.Get_Temperture) refers to dadd.o(.text) for __aeabi_dsub
    demo.o(i.Get_Temperture) refers to ddiv.o(.text) for __aeabi_ddiv
    demo.o(i.Get_Temperture) refers to dfixi.o(.text) for __aeabi_d2iz
    demo.o(i.LED_Init) refers to stm32f4xx_rcc.o(i.RCC_AHB1PeriphClockCmd) for RCC_AHB1PeriphClockCmd
    demo.o(i.LED_Init) refers to stm32f4xx_gpio.o(i.GPIO_Init) for GPIO_Init
    demo.o(i.LED_Init) refers to stm32f4xx_gpio.o(i.GPIO_SetBits) for GPIO_SetBits
    demo.o(i.Task1_Func) refers to tftlcd.o(i.TFTLCD_Init) for TFTLCD_Init
    demo.o(i.Task1_Func) refers to print.o(.emb_text) for print
    demo.o(i.Task1_Func) refers to ostask.o(i.osTaskNameToTable) for osTaskNameToTable
    demo.o(i.Task1_Func) refers to ospost.o(i.osPostSend) for osPostSend
    demo.o(i.Task1_Func) refers to ospost.o(i.osPostReadWait) for osPostReadWait
    demo.o(i.Task1_Func) refers to tftlcd.o(i.LCD_Clear) for LCD_Clear
    demo.o(i.Task1_Func) refers to tftlcd.o(i.LCD_ShowString) for LCD_ShowString
    demo.o(i.Task1_Func) refers to rtc.o(i.RTC_Config) for RTC_Config
    demo.o(i.Task1_Func) refers to rtc.o(i.RTC_Set_WakeUp) for RTC_Set_WakeUp
    demo.o(i.Task1_Func) refers to ossignal.o(i.osSignalLogin) for osSignalLogin
    demo.o(i.Task1_Func) refers to ossignal.o(i.osSignalApply_Wait) for osSignalApply_Wait
    demo.o(i.Task1_Func) refers to stm32f4xx_rtc.o(i.RTC_GetTime) for RTC_GetTime
    demo.o(i.Task1_Func) refers to tftlcd.o(.data) for FRONT_COLOR
    demo.o(i.Task1_Func) refers to rtc.o(.data) for timebz
    demo.o(i.Task2_Func) refers to ostask.o(i.osTaskNameToTable) for osTaskNameToTable
    demo.o(i.Task2_Func) refers to ospost.o(i.osPostSend) for osPostSend
    demo.o(i.Task2_Func) refers to tftlcd.o(i.LCD_ShowString) for LCD_ShowString
    demo.o(i.Task2_Func) refers to osmemory.o(i.osMemoryGetPassValue) for osMemoryGetPassValue
    demo.o(i.Task2_Func) refers to osmemory.o(i.osMemoryGetAllValue) for osMemoryGetAllValue
    demo.o(i.Task2_Func) refers to print.o(.emb_text) for sprint
    demo.o(i.Task2_Func) refers to ostask.o(i.osTaskDelayMs) for osTaskDelayMs
    demo.o(i.Task2_Func) refers to tftlcd.o(.data) for FRONT_COLOR
    demo.o(i.Task2_Func) refers to osclock.o(.data) for osTime
    demo.o(i.Task2_Func) refers to oscpu.o(.data) for CPUS
    demo.o(i.Task2_Func) refers to ostask.o(.bss) for TL
    demo.o(i.Task2_Func) refers to ostask.o(.data) for TST
    demo.o(i.Task3_Func) refers to demo.o(i.LED_Init) for LED_Init
    demo.o(i.Task3_Func) refers to ostask.o(i.osTaskDelayMs) for osTaskDelayMs
    demo.o(i.Task4_Func) refers to ostask.o(i.osTaskDelayMs) for osTaskDelayMs
    osclock.o(i.osClockInit) refers to systick.o(i.SysTick_us_Init) for SysTick_us_Init
    osclock.o(i.osClockTimePulse) refers to oscpu_1.o(CODE) for CPU_PendSV
    osclock.o(i.osClockTimePulse) refers to osclock.o(.data) for osTime
    osclock.o(i.osClockTimePulse) refers to ostask.o(.data) for TST
[...]
    Removing stm32f4xx_wwdg.o(i.WWDG_Enable), (16 bytes).
    Removing stm32f4xx_wwdg.o(i.WWDG_EnableIT), (12 bytes).
    Removing stm32f4xx_wwdg.o(i.WWDG_GetFlagStatus), (20 bytes).
    Removing stm32f4xx_wwdg.o(i.WWDG_SetCounter), (16 bytes).
    Removing stm32f4xx_wwdg.o(i.WWDG_SetPrescaler), (24 bytes).
    Removing stm32f4xx_wwdg.o(i.WWDG_SetWindowValue), (40 bytes).
    Removing dadd.o(.text), (334 bytes).
    Removing ddiv.o(.text), (222 bytes).
    Removing f2d.o(.text), (38 bytes).
    Removing dfixul.o(.text), (48 bytes).
    Removing cdrcmple.o(.text), (48 bytes).

893 unused section(s) (total 39324 bytes) removed from the image.

==============================================================================

Image Symbol Table

    Local Symbols

    Symbol Name                              Value     Ov Type        Size  Object(Section)

    ../clib/microlib/division.c              0x00000000   Number         0  ldiv.o ABSOLUTE
    ../clib/microlib/division.c              0x00000000   Number         0  uidiv.o ABSOLUTE
    ../clib/microlib/division.c              0x00000000   Number         0  uldiv.o ABSOLUTE
    ../clib/microlib/init/entry.s            0x00000000   Number         0  entry8a.o ABSOLUTE
    ../clib/microlib/init/entry.s            0x00000000   Number         0  entry8b.o ABSOLUTE
    ../clib/microlib/init/entry.s            0x00000000   Number         0  entry5.o ABSOLUTE
    ../clib/microlib/init/entry.s            0x00000000   Number         0  entry7a.o ABSOLUTE
    ../clib/microlib/init/entry.s            0x00000000   Number         0  entry9a.o ABSOLUTE
    ../clib/microlib/init/entry.s            0x00000000   Number         0  entry.o ABSOLUTE
    ../clib/microlib/init/entry.s            0x00000000   Number         0  entry10a.o ABSOLUTE
    ../clib/microlib/init/entry.s            0x00000000   Number         0  entry10b.o ABSOLUTE
    ../clib/microlib/init/entry.s            0x00000000   Number         0  entry11a.o ABSOLUTE
    ../clib/microlib/init/entry.s            0x00000000   Number         0  entry11b.o ABSOLUTE
    ../clib/microlib/init/entry.s            0x00000000   Number         0  entry9b.o ABSOLUTE
    ../clib/microlib/init/entry.s            0x00000000   Number         0  entry7b.o ABSOLUTE
    ../clib/microlib/init/entry.s            0x00000000   Number         0  entry2.o ABSOLUTE
    ../clib/microlib/longlong.c              0x00000000   Number         0  llshl.o ABSOLUTE
    ../clib/microlib/longlong.c              0x00000000   Number         0  llushr.o ABSOLUTE
    ../clib/microlib/longlong.c              0x00000000   Number         0  llsshr.o ABSOLUTE
    ../clib/microlib/printf/printf.c         0x00000000   Number         0  printf3.o ABSOLUTE
    ../clib/microlib/printf/printf.c         0x00000000   Number         0  printfb.o ABSOLUTE
    ../clib/microlib/printf/printf.c         0x00000000   Number         0  printf4.o ABSOLUTE
    ../clib/microlib/printf/printf.c         0x00000000   Number         0  printf5.o ABSOLUTE
    ../clib/microlib/printf/printf.c         0x00000000   Number         0  printf6.o ABSOLUTE
    ../clib/microlib/printf/printf.c         0x00000000   Number         0  printf7.o ABSOLUTE
    ../clib/microlib/printf/printf.c         0x00000000   Number         0  printf8.o ABSOLUTE
    ../clib/microlib/printf/printf.c         0x00000000   Number         0  printf2.o ABSOLUTE
    ../clib/microlib/printf/printf.c         0x00000000   Number         0  printf1.o ABSOLUTE
    ../clib/microlib/printf/printf.c         0x00000000   Number         0  printf0.o ABSOLUTE
    ../clib/microlib/printf/printf.c         0x00000000   Number         0  printfa.o ABSOLUTE
    ../clib/microlib/printf/stubs.s          0x00000000   Number         0  stubs.o ABSOLUTE
    ../clib/microlib/stdio/streams.c         0x00000000   Number         0  stdout.o ABSOLUTE
    ../clib/microlib/stubs.s                 0x00000000   Number         0  iusefp.o ABSOLUTE
    ../fplib/microlib/f2d.c                  0x00000000   Number         0  f2d.o ABSOLUTE
    ../fplib/microlib/fpadd.c                0x00000000   Number         0  dadd.o ABSOLUTE
    ../fplib/microlib/fpdiv.c                0x00000000   Number         0  ddiv.o ABSOLUTE
    ../fplib/microlib/fpepilogue.c           0x00000000   Number         0  depilogue.o ABSOLUTE
    ../fplib/microlib/fpfix.c                0x00000000   Number         0  dfixi.o ABSOLUTE
    ../fplib/microlib/fpfix.c                0x00000000   Number         0  dfixui.o ABSOLUTE
    ../fplib/microlib/fpfix.c                0x00000000   Number         0  dfixul.o ABSOLUTE
    ../fplib/microlib/fpflt.c                0x00000000   Number         0  dflti.o ABSOLUTE
    ../fplib/microlib/fpflt.c                0x00000000   Number         0  dfltui.o ABSOLUTE
    ../fplib/microlib/fpmul.c                0x00000000   Number         0  dmul.o ABSOLUTE
    ..\..\..\SoftOs\osCPU.c                  0x00000000   Number         0  oscpu.o ABSOLUTE
    ..\..\..\SoftOs\osClock.c                0x00000000   Number         0  osclock.o ABSOLUTE
    ..\..\..\SoftOs\osError.c                0x00000000   Number         0  oserror.o ABSOLUTE
    ..\..\..\SoftOs\osMain.c                 0x00000000   Number         0  osmain.o ABSOLUTE
    ..\..\..\SoftOs\osMemory.c               0x00000000   Number         0  osmemory.o ABSOLUTE
    ..\..\..\SoftOs\osPost.c                 0x00000000   Number         0  ospost.o ABSOLUTE
    ..\..\..\SoftOs\osSignal.c               0x00000000   Number         0  ossignal.o ABSOLUTE
    ..\..\..\SoftOs\osTask.c                 0x00000000   Number         0  ostask.o ABSOLUTE
    ..\..\..\SoftOs\stdfunc\LinkList.c       0x00000000   Number         0  linklist.o ABSOLUTE
    ..\..\..\SoftOs\stdfunc\print.c          0x00000000   Number         0  print.o ABSOLUTE
    ..\..\..\SoftOs\stdfunc\str.c            0x00000000   Number         0  str.o ABSOLUTE
    ..\..\..\softos\osCPU.asm                0x00000000   Number         0  oscpu_1.o ABSOLUTE
    ..\\..\\..\\SoftOs\\osCPU.c              0x00000000   Number         0  oscpu.o ABSOLUTE
    ..\\..\\..\\SoftOs\\osClock.c            0x00000000   Number         0  osclock.o ABSOLUTE
    ..\\..\\..\\SoftOs\\osError.c            0x00000000   Number         0  oserror.o ABSOLUTE
    ..\\..\\..\\SoftOs\\osMain.c             0x00000000   Number         0  osmain.o ABSOLUTE
    ..\\..\\..\\SoftOs\\osMemory.c           0x00000000   Number         0  osmemory.o ABSOLUTE
    ..\\..\\..\\SoftOs\\osPost.c             0x00000000   Number         0  ospost.o ABSOLUTE
    ..\\..\\..\\SoftOs\\osSignal.c           0x00000000   Number         0  ossignal.o ABSOLUTE
    ..\\..\\..\\SoftOs\\osTask.c             0x00000000   Number         0  ostask.o ABSOLUTE
    ..\\..\\..\\SoftOs\\stdfunc\\LinkList.c  0x00000000   Number         0  linklist.o ABSOLUTE
    ..\\..\\..\\SoftOs\\stdfunc\\print.c     0x00000000   Number         0  print.o ABSOLUTE
    ..\\..\\..\\SoftOs\\stdfunc\\str.c       0x00000000   Number         0  str.o ABSOLUTE
    Src\App\Demo.c                           0x00000000   Number         0  demo.o ABSOLUTE
    Src\Drive\CMSIS\startup_stm32f40_41xxx.s 0x00000000   Number         0  startup_stm32f40_41xxx.o ABSOLUTE
    Src\Drive\CMSIS\system_stm32f4xx.c       0x00000000   Number         0  system_stm32f4xx.o ABSOLUTE
    Src\Drive\STM32F4xx_StdPeriph_Driver\src\misc.c 0x00000000   Number         0  misc.o ABSOLUTE
    Src\Drive\STM32F4xx_StdPeriph_Driver\src\stm32f4xx_adc.c 0x00000000   Number         0  stm32f4xx_adc.o ABSOLUTE
    Src\Drive\STM32F4xx_StdPeriph_Driver\src\stm32f4xx_can.c 0x00000000   Number         0  stm32f4xx_can.o ABSOLUTE
    Src\Drive\STM32F4xx_StdPeriph_Driver\src\stm32f4xx_cec.c 0x00000000   Number         0  stm32f4xx_cec.o ABSOLUTE
    Src\Drive\STM32F4xx_StdPeriph_Driver\src\stm32f4xx_crc.c 0x00000000   Number         0  stm32f4xx_crc.o ABSOLUTE
    Src\Drive\STM32F4xx_StdPeriph_Driver\src\stm32f4xx_cryp.c 0x00000000   Number         0  stm32f4xx_cryp.o ABSOLUTE
    Src\Drive\STM32F4xx_StdPeriph_Driver\src\stm32f4xx_cryp_aes.c 0x00000000   Number         0  stm32f4xx_cryp_aes.o ABSOLUTE
    Src\Drive\STM32F4xx_StdPeriph_Driver\src\stm32f4xx_cryp_des.c 0x00000000   Number         0  stm32f4xx_cryp_des.o ABSOLUTE
    Src\Drive\STM32F4xx_StdPeriph_Driver\src\stm32f4xx_cryp_tdes.c 0x00000000   Number         0  stm32f4xx_cryp_tdes.o ABSOLUTE
    Src\Drive\STM32F4xx_StdPeriph_Driver\src\stm32f4xx_dac.c 0x00000000   Number         0  stm32f4xx_dac.o ABSOLUTE
    Src\Drive\STM32F4xx_StdPeriph_Driver\src\stm32f4xx_dbgmcu.c 0x00000000   Number         0  stm32f4xx_dbgmcu.o ABSOLUTE
    Src\Drive\STM32F4xx_StdPeriph_Driver\src\stm32f4xx_dcmi.c 0x00000000   Number         0  stm32f4xx_dcmi.o ABSOLUTE
    Src\Drive\STM32F4xx_StdPeriph_Driver\src\stm32f4xx_dma.c 0x00000000   Number         0  stm32f4xx_dma.o ABSOLUTE
    Src\Drive\STM32F4xx_StdPeriph_Driver\src\stm32f4xx_dma2d.c 0x00000000   Number         0  stm32f4xx_dma2d.o ABSOLUTE
    Src\Drive\STM32F4xx_StdPeriph_Driver\src\stm32f4xx_exti.c 0x00000000   Number         0  stm32f4xx_exti.o ABSOLUTE
    Src\Drive\STM32F4xx_StdPeriph_Driver\src\stm32f4xx_flash.c 0x00000000   Number         0  stm32f4xx_flash.o ABSOLUTE
    Src\Drive\STM32F4xx_StdPeriph_Driver\src\stm32f4xx_flash_ramfunc.c 0x00000000   Number         0  stm32f4xx_flash_ramfunc.o ABSOLUTE
    Src\Drive\STM32F4xx_StdPeriph_Driver\src\stm32f4xx_fmpi2c.c 0x00000000   Number         0  stm32f4xx_fmpi2c.o ABSOLUTE
    Src\Drive\STM32F4xx_StdPeriph_Driver\src\stm32f4xx_fsmc.c 0x00000000   Number         0  stm32f4xx_fsmc.o ABSOLUTE
    Src\Drive\STM32F4xx_StdPeriph_Driver\src\stm32f4xx_gpio.c 0x00000000   Number         0  stm32f4xx_gpio.o ABSOLUTE
    Src\Drive\STM32F4xx_StdPeriph_Driver\src\stm32f4xx_hash.c 0x00000000   Number         0  stm32f4xx_hash.o ABSOLUTE
    Src\Drive\STM32F4xx_StdPeriph_Driver\src\stm32f4xx_hash_md5.c 0x00000000   Number         0  stm32f4xx_hash_md5.o ABSOLUTE
    Src\Drive\STM32F4xx_StdPeriph_Driver\src\stm32f4xx_hash_sha1.c 0x00000000   Number         0  stm32f4xx_hash_sha1.o ABSOLUTE
    Src\Drive\STM32F4xx_StdPeriph_Driver\src\stm32f4xx_i2c.c 0x00000000   Number         0  stm32f4xx_i2c.o ABSOLUTE
    Src\Drive\STM32F4xx_StdPeriph_Driver\src\stm32f4xx_iwdg.c 0x00000000   Number         0  stm32f4xx_iwdg.o ABSOLUTE
    Src\Drive\STM32F4xx_StdPeriph_Driver\src\stm32f4xx_ltdc.c 0x00000000   Number         0  stm32f4xx_ltdc.o ABSOLUTE
    Src\Drive\STM32F4xx_StdPeriph_Driver\src\stm32f4xx_pwr.c 0x00000000   Number         0  stm32f4xx_pwr.o ABSOLUTE
    Src\Drive\STM32F4xx_StdPeriph_Driver\src\stm32f4xx_qspi.c 0x00000000   Number         0  stm32f4xx_qspi.o ABSOLUTE
    Src\Drive\STM32F4xx_StdPeriph_Driver\src\stm32f4xx_rcc.c 0x00000000   Number         0  stm32f4xx_rcc.o ABSOLUTE
    Src\Drive\STM32F4xx_StdPeriph_Driver\src\stm32f4xx_rng.c 0x00000000   Number         0  stm32f4xx_rng.o ABSOLUTE
    Src\Drive\STM32F4xx_StdPeriph_Driver\src\stm32f4xx_rtc.c 0x00000000   Number         0  stm32f4xx_rtc.o ABSOLUTE
    Src\Drive\STM32F4xx_StdPeriph_Driver\src\stm32f4xx_sai.c 0x00000000   Number         0  stm32f4xx_sai.o ABSOLUTE
    Src\Drive\STM32F4xx_StdPeriph_Driver\src\stm32f4xx_sdio.c 0x00000000   Number         0  stm32f4xx_sdio.o ABSOLUTE
    Src\Drive\STM32F4xx_StdPeriph_Driver\src\stm32f4xx_spdifrx.c 0x00000000   Number         0  stm32f4xx_spdifrx.o ABSOLUTE
    Src\Drive\STM32F4xx_StdPeriph_Driver\src\stm32f4xx_spi.c 0x00000000   Number         0  stm32f4xx_spi.o ABSOLUTE
    Src\Drive\STM32F4xx_StdPeriph_Driver\src\stm32f4xx_syscfg.c 0x00000000   Number         0  stm32f4xx_syscfg.o ABSOLUTE
    Src\Drive\STM32F4xx_StdPeriph_Driver\src\stm32f4xx_tim.c 0x00000000   Number         0  stm32f4xx_tim.o ABSOLUTE
    Src\Drive\STM32F4xx_StdPeriph_Driver\src\stm32f4xx_usart.c 0x00000000   Number         0  stm32f4xx_usart.o ABSOLUTE
    Src\Drive\STM32F4xx_StdPeriph_Driver\src\stm32f4xx_wwdg.c 0x00000000   Number         0  stm32f4xx_wwdg.o ABSOLUTE
    Src\Drive\stm32f4xx_it.c                 0x00000000   Number         0  stm32f4xx_it.o ABSOLUTE
    Src\Func\SysTick.c                       0x00000000   Number         0  systick.o ABSOLUTE
    Src\Func\rtc.c                           0x00000000   Number         0  rtc.o ABSOLUTE
    Src\Func\tftlcd.c                        0x00000000   Number         0  tftlcd.o ABSOLUTE
    Src\Func\usart.c                         0x00000000   Number         0  usart.o ABSOLUTE
    Src\User\main.c                          0x00000000   Number         0  main.o ABSOLUTE
    Src\\App\\Demo.c                         0x00000000   Number         0  demo.o ABSOLUTE
    Src\\Drive\\CMSIS\\system_stm32f4xx.c    0x00000000   Number         0  system_stm32f4xx.o ABSOLUTE
    Src\\Drive\\STM32F4xx_StdPeriph_Driver\\src\\misc.c 0x00000000   Number         0  misc.o ABSOLUTE
    Src\\Drive\\STM32F4xx_StdPeriph_Driver\\src\\stm32f4xx_adc.c 0x00000000   Number         0  stm32f4xx_adc.o ABSOLUTE
    Src\\Drive\\STM32F4xx_StdPeriph_Driver\\src\\stm32f4xx_can.c 0x00000000   Number         0  stm32f4xx_can.o ABSOLUTE
    Src\\Drive\\STM32F4xx_StdPeriph_Driver\\src\\stm32f4xx_cec.c 0x00000000   Number         0  stm32f4xx_cec.o ABSOLUTE
    Src\\Drive\\STM32F4xx_StdPeriph_Driver\\src\\stm32f4xx_crc.c 0x00000000   Number         0  stm32f4xx_crc.o ABSOLUTE
    Src\\Drive\\STM32F4xx_StdPeriph_Driver\\src\\stm32f4xx_cryp.c 0x00000000   Number         0  stm32f4xx_cryp.o ABSOLUTE
    Src\\Drive\\STM32F4xx_StdPeriph_Driver\\src\\stm32f4xx_cryp_aes.c 0x00000000   Number         0  stm32f4xx_cryp_aes.o ABSOLUTE
    Src\\Drive\\STM32F4xx_StdPeriph_Driver\\src\\stm32f4xx_cryp_des.c 0x00000000   Number         0  stm32f4xx_cryp_des.o ABSOLUTE
    Src\\Drive\\STM32F4xx_StdPeriph_Driver\\src\\stm32f4xx_cryp_tdes.c 0x00000000   Number         0  stm32f4xx_cryp_tdes.o ABSOLUTE
    Src\\Drive\\STM32F4xx_StdPeriph_Driver\\src\\stm32f4xx_dac.c 0x00000000   Number         0  stm32f4xx_dac.o ABSOLUTE
    Src\\Drive\\STM32F4xx_StdPeriph_Driver\\src\\stm32f4xx_dbgmcu.c 0x00000000   Number         0  stm32f4xx_dbgmcu.o ABSOLUTE
    Src\\Drive\\STM32F4xx_StdPeriph_Driver\\src\\stm32f4xx_dcmi.c 0x00000000   Number         0  stm32f4xx_dcmi.o ABSOLUTE
    Src\\Drive\\STM32F4xx_StdPeriph_Driver\\src\\stm32f4xx_dma.c 0x00000000   Number         0  stm32f4xx_dma.o ABSOLUTE
    Src\\Drive\\STM32F4xx_StdPeriph_Driver\\src\\stm32f4xx_dma2d.c 0x00000000   Number         0  stm32f4xx_dma2d.o ABSOLUTE
    Src\\Drive\\STM32F4xx_StdPeriph_Driver\\src\\stm32f4xx_exti.c 0x00000000   Number         0  stm32f4xx_exti.o ABSOLUTE
    Src\\Drive\\STM32F4xx_StdPeriph_Driver\\src\\stm32f4xx_flash.c 0x00000000   Number         0  stm32f4xx_flash.o ABSOLUTE
    Src\\Drive\\STM32F4xx_StdPeriph_Driver\\src\\stm32f4xx_flash_ramfunc.c 0x00000000   Number         0  stm32f4xx_flash_ramfunc.o ABSOLUTE
    Src\\Drive\\STM32F4xx_StdPeriph_Driver\\src\\stm32f4xx_fmpi2c.c 0x00000000   Number         0  stm32f4xx_fmpi2c.o ABSOLUTE
    Src\\Drive\\STM32F4xx_StdPeriph_Driver\\src\\stm32f4xx_fsmc.c 0x00000000   Number         0  stm32f4xx_fsmc.o ABSOLUTE
    Src\\Drive\\STM32F4xx_StdPeriph_Driver\\src\\stm32f4xx_gpio.c 0x00000000   Number         0  stm32f4xx_gpio.o ABSOLUTE
    Src\\Drive\\STM32F4xx_StdPeriph_Driver\\src\\stm32f4xx_hash.c 0x00000000   Number         0  stm32f4xx_hash.o ABSOLUTE
    Src\\Drive\\STM32F4xx_StdPeriph_Driver\\src\\stm32f4xx_hash_md5.c 0x00000000   Number         0  stm32f4xx_hash_md5.o ABSOLUTE
    Src\\Drive\\STM32F4xx_StdPeriph_Driver\\src\\stm32f4xx_hash_sha1.c 0x00000000   Number         0  stm32f4xx_hash_sha1.o ABSOLUTE
    Src\\Drive\\STM32F4xx_StdPeriph_Driver\\src\\stm32f4xx_i2c.c 0x00000000   Number         0  stm32f4xx_i2c.o ABSOLUTE
    Src\\Drive\\STM32F4xx_StdPeriph_Driver\\src\\stm32f4xx_iwdg.c 0x00000000   Number         0  stm32f4xx_iwdg.o ABSOLUTE
    Src\\Drive\\STM32F4xx_StdPeriph_Driver\\src\\stm32f4xx_ltdc.c 0x00000000   Number         0  stm32f4xx_ltdc.o ABSOLUTE
    Src\\Drive\\STM32F4xx_StdPeriph_Driver\\src\\stm32f4xx_pwr.c 0x00000000   Number         0  stm32f4xx_pwr.o ABSOLUTE
    Src\\Drive\\STM32F4xx_StdPeriph_Driver\\src\\stm32f4xx_qspi.c 0x00000000   Number         0  stm32f4xx_qspi.o ABSOLUTE
    Src\\Drive\\STM32F4xx_StdPeriph_Driver\\src\\stm32f4xx_rcc.c 0x00000000   Number         0  stm32f4xx_rcc.o ABSOLUTE
    Src\\Drive\\STM32F4xx_StdPeriph_Driver\\src\\stm32f4xx_rng.c 0x00000000   Number         0  stm32f4xx_rng.o ABSOLUTE
    Src\\Drive\\STM32F4xx_StdPeriph_Driver\\src\\stm32f4xx_rtc.c 0x00000000   Number         0  stm32f4xx_rtc.o ABSOLUTE
    Src\\Drive\\STM32F4xx_StdPeriph_Driver\\src\\stm32f4xx_sai.c 0x00000000   Number         0  stm32f4xx_sai.o ABSOLUTE
    Src\\Drive\\STM32F4xx_StdPeriph_Driver\\src\\stm32f4xx_sdio.c 0x00000000   Number         0  stm32f4xx_sdio.o ABSOLUTE
    Src\\Drive\\STM32F4xx_StdPeriph_Driver\\src\\stm32f4xx_spdifrx.c 0x00000000   Number         0  stm32f4xx_spdifrx.o ABSOLUTE
    Src\\Drive\\STM32F4xx_StdPeriph_Driver\\src\\stm32f4xx_spi.c 0x00000000   Number         0  stm32f4xx_spi.o ABSOLUTE
    Src\\Drive\\STM32F4xx_StdPeriph_Driver\\src\\stm32f4xx_syscfg.c 0x00000000   Number         0  stm32f4xx_syscfg.o ABSOLUTE
    Src\\Drive\\STM32F4xx_StdPeriph_Driver\\src\\stm32f4xx_tim.c 0x00000000   Number         0  stm32f4xx_tim.o ABSOLUTE
    Src\\Drive\\STM32F4xx_StdPeriph_Driver\\src\\stm32f4xx_usart.c 0x00000000   Number         0  stm32f4xx_usart.o ABSOLUTE
    Src\\Drive\\STM32F4xx_StdPeriph_Driver\\src\\stm32f4xx_wwdg.c 0x00000000   Number         0  stm32f4xx_wwdg.o ABSOLUTE
    Src\\Drive\\stm32f4xx_it.c               0x00000000   Number         0  stm32f4xx_it.o ABSOLUTE
    Src\\Func\\SysTick.c                     0x00000000   Number         0  systick.o ABSOLUTE
    Src\\Func\\rtc.c                         0x00000000   Number         0  rtc.o ABSOLUTE
    Src\\Func\\tftlcd.c                      0x00000000   Number         0  tftlcd.o ABSOLUTE
    Src\\Func\\usart.c                       0x00000000   Number         0  usart.o ABSOLUTE
    Src\\User\\main.c                        0x00000000   Number         0  main.o ABSOLUTE
    cdrcmple.s                               0x00000000   Number         0  cdrcmple.o ABSOLUTE
    dc.s                                     0x00000000   Number         0  dc.o ABSOLUTE
    handlers.s                               0x00000000   Number         0  handlers.o ABSOLUTE
    init.s                                   0x00000000   Number         0  init.o ABSOLUTE
    RESET                                    0x08000000   Section      392  startup_stm32f40_41xxx.o(RESET)
    .ARM.Collect$$$$00000000                 0x08000188   Section        0  entry.o(.ARM.Collect$$$$00000000)
    .ARM.Collect$$$$00000001                 0x08000188   Section        4  entry2.o(.ARM.Collect$$$$00000001)
    .ARM.Collect$$$$00000004                 0x0800018c   Section        4  entry5.o(.ARM.Collect$$$$00000004)
    .ARM.Collect$$$$00000008                 0x08000190   Section        0  entry7b.o(.ARM.Collect$$$$00000008)
    .ARM.Collect$$$$0000000A                 0x08000190   Section        0  entry8b.o(.ARM.Collect$$$$0000000A)
    .ARM.Collect$$$$0000000B                 0x08000190   Section        8  entry9a.o(.ARM.Collect$$$$0000000B)
    .ARM.Collect$$$$0000000D                 0x08000198   Section        0  entry10a.o(.ARM.Collect$$$$0000000D)
    .ARM.Collect$$$$0000000F                 0x08000198   Section        0  entry11a.o(.ARM.Collect$$$$0000000F)
    .ARM.Collect$$$$00002712                 0x08000198   Section        4  entry2.o(.ARM.Collect$$$$00002712)
    __lit__00000000                          0x08000198   Data           4  entry2.o(.ARM.Collect$$$$00002712)
    .emb_text                                0x0800019c   Section      204  oscpu.o(.emb_text)
    $v0                                      0x0800019c   Number         0  oscpu.o(.emb_text)
    .emb_text                                0x08000268   Section       88  print.o(.emb_text)
    $v0                                      0x08000268   Number         0  print.o(.emb_text)
    .text                                    0x080002c0   Section       36  startup_stm32f40_41xxx.o(.text)
    $v0                                      0x080002c0   Number         0  startup_stm32f40_41xxx.o(.text)
    .text                                    0x080002e4   Section        0  ldiv.o(.text)
    .text                                    0x08000346   Section        0  dmul.o(.text)
    .text                                    0x0800042a   Section        0  dflti.o(.text)
    .text                                    0x0800044c   Section        0  dfltui.o(.text)
    .text                                    0x08000466   Section        0  dfixi.o(.text)
    .text                                    0x080004a4   Section        0  dfixui.o(.text)
    .text                                    0x080004d6   Section        0  uldiv.o(.text)
    .text                                    0x08000538   Section        0  llshl.o(.text)
    .text                                    0x08000556   Section        0  llushr.o(.text)
    .text                                    0x08000576   Section        0  iusefp.o(.text)
    .text                                    0x08000576   Section        0  depilogue.o(.text)
    .text                                    0x08000630   Section       36  init.o(.text)
    CODE                                     0x08000654   Section       44  oscpu_1.o(CODE)
    $v0                                      0x08000654   Number         0  oscpu_1.o(CODE)
    i.BusFault_Handler                       0x08000680   Section        0  stm32f4xx_it.o(i.BusFault_Handler)
    i.DebugMon_Handler                       0x08000684   Section        0  stm32f4xx_it.o(i.DebugMon_Handler)
    i.EXTI_ClearITPendingBit                 0x08000688   Section        0  stm32f4xx_exti.o(i.EXTI_ClearITPendingBit)
    i.EXTI_Init                              0x08000694   Section        0  stm32f4xx_exti.o(i.EXTI_Init)
    i.FSMC_NORSRAMCmd                        0x08000728   Section        0  stm32f4xx_fsmc.o(i.FSMC_NORSRAMCmd)
    i.FSMC_NORSRAMInit                       0x0800075c   Section        0  stm32f4xx_fsmc.o(i.FSMC_NORSRAMInit)
    i.GPIO_Init                              0x08000884   Section        0  stm32f4xx_gpio.o(i.GPIO_Init)
    i.GPIO_PinAFConfig                       0x08000914   Section        0  stm32f4xx_gpio.o(i.GPIO_PinAFConfig)
    i.GPIO_SetBits                           0x0800095a   Section        0  stm32f4xx_gpio.o(i.GPIO_SetBits)
    i.HardFault_Handler                      0x0800095e   Section        0  stm32f4xx_it.o(i.HardFault_Handler)
    i.LCD_Clear                              0x08000968   Section        0  tftlcd.o(i.LCD_Clear)
    i.LCD_Display_Dir                        0x080009b0   Section        0  tftlcd.o(i.LCD_Display_Dir)
    i.LCD_DrawFRONT_COLOR                    0x080009f8   Section        0  tftlcd.o(i.LCD_DrawFRONT_COLOR)
    i.LCD_Set_Window                         0x08000a14   Section        0  tftlcd.o(i.LCD_Set_Window)
    i.LCD_ShowChar                           0x08000abc   Section        0  tftlcd.o(i.LCD_ShowChar)
    i.LCD_ShowString                         0x08000be4   Section        0  tftlcd.o(i.LCD_ShowString)
    i.LCD_WriteCmd                           0x08000c4c   Section        0  tftlcd.o(i.LCD_WriteCmd)
    i.LCD_WriteData                          0x08000c58   Section        0  tftlcd.o(i.LCD_WriteData)
    i.LCD_WriteData_Color                    0x08000c64   Section        0  tftlcd.o(i.LCD_WriteData_Color)
    i.LED_Init                               0x08000c70   Section        0  demo.o(i.LED_Init)
    i.MemManage_Handler                      0x08000cc8   Section        0  stm32f4xx_it.o(i.MemManage_Handler)
    i.NMI_Handler                            0x08000ccc   Section        0  stm32f4xx_it.o(i.NMI_Handler)
    i.NVIC_Init                              0x08000cd0   Section        0  misc.o(i.NVIC_Init)
    i.NVIC_PriorityGroupConfig               0x08000d48   Section        0  misc.o(i.NVIC_PriorityGroupConfig)
    i.NVIC_SetPriority                       0x08000d5c   Section        0  osmain.o(i.NVIC_SetPriority)
    NVIC_SetPriority                         0x08000d5d   Thumb Code    32  osmain.o(i.NVIC_SetPriority)
    i.PWR_BackupAccessCmd                    0x08000d84   Section        0  stm32f4xx_pwr.o(i.PWR_BackupAccessCmd)
    i.RCC_AHB1PeriphClockCmd                 0x08000d90   Section        0  stm32f4xx_rcc.o(i.RCC_AHB1PeriphClockCmd)
    i.RCC_AHB3PeriphClockCmd                 0x08000db0   Section        0  stm32f4xx_rcc.o(i.RCC_AHB3PeriphClockCmd)
    i.RCC_APB1PeriphClockCmd                 0x08000dd0   Section        0  stm32f4xx_rcc.o(i.RCC_APB1PeriphClockCmd)
    i.RCC_APB2PeriphClockCmd                 0x08000df0   Section        0  stm32f4xx_rcc.o(i.RCC_APB2PeriphClockCmd)
    i.RCC_GetClocksFreq                      0x08000e10   Section        0  stm32f4xx_rcc.o(i.RCC_GetClocksFreq)
    i.RCC_GetFlagStatus                      0x08000ef8   Section        0  stm32f4xx_rcc.o(i.RCC_GetFlagStatus)
    i.RCC_LSEConfig                          0x08000f38   Section        0  stm32f4xx_rcc.o(i.RCC_LSEConfig)
    i.RCC_RTCCLKCmd                          0x08000f64   Section        0  stm32f4xx_rcc.o(i.RCC_RTCCLKCmd)
    i.RCC_RTCCLKConfig                       0x08000f70   Section        0  stm32f4xx_rcc.o(i.RCC_RTCCLKConfig)
    i.RTC_Alarm_IRQHandler                   0x08000fac   Section        0  rtc.o(i.RTC_Alarm_IRQHandler)
    i.RTC_Bcd2ToByte                         0x08000fca   Section        0  stm32f4xx_rtc.o(i.RTC_Bcd2ToByte)
    RTC_Bcd2ToByte                           0x08000fcb   Thumb Code    22  stm32f4xx_rtc.o(i.RTC_Bcd2ToByte)
    i.RTC_ClearFlag                          0x08000fe0   Section        0  stm32f4xx_rtc.o(i.RTC_ClearFlag)
    i.RTC_ClearITPendingBit                  0x08000ffc   Section        0  stm32f4xx_rtc.o(i.RTC_ClearITPendingBit)
    i.RTC_Config                             0x0800101c   Section        0  rtc.o(i.RTC_Config)
    i.RTC_EnterInitMode                      0x08001090   Section        0  stm32f4xx_rtc.o(i.RTC_EnterInitMode)
    i.RTC_ExitInitMode                       0x080010e0   Section        0  stm32f4xx_rtc.o(i.RTC_ExitInitMode)
    i.RTC_GetFlagStatus                      0x080010f4   Section        0  stm32f4xx_rtc.o(i.RTC_GetFlagStatus)
    i.RTC_GetTime                            0x0800111c   Section        0  stm32f4xx_rtc.o(i.RTC_GetTime)
    i.RTC_ITConfig                           0x0800116c   Section        0  stm32f4xx_rtc.o(i.RTC_ITConfig)
    i.RTC_Init                               0x080011d0   Section        0  stm32f4xx_rtc.o(i.RTC_Init)
    i.RTC_ReadBackupRegister                 0x08001234   Section        0  stm32f4xx_rtc.o(i.RTC_ReadBackupRegister)
    i.RTC_SetWakeUpCounter                   0x08001254   Section        0  stm32f4xx_rtc.o(i.RTC_SetWakeUpCounter)
    i.RTC_Set_WakeUp                         0x08001270   Section        0  rtc.o(i.RTC_Set_WakeUp)
    i.RTC_WKUP_IRQHandler                    0x080012e4   Section        0  rtc.o(i.RTC_WKUP_IRQHandler)
    i.RTC_WakeUpClockConfig                  0x08001310   Section        0  stm32f4xx_rtc.o(i.RTC_WakeUpClockConfig)
    i.RTC_WakeUpCmd                          0x08001340   Section        0  stm32f4xx_rtc.o(i.RTC_WakeUpCmd)
    i.RTC_WriteBackupRegister                0x080013b8   Section        0  stm32f4xx_rtc.o(i.RTC_WriteBackupRegister)
    i.SVC_Handler                            0x080013d4   Section        0  stm32f4xx_it.o(i.SVC_Handler)
    i.SetSysClock                            0x080013d8   Section        0  system_stm32f4xx.o(i.SetSysClock)
    SetSysClock                              0x080013d9   Thumb Code   220  system_stm32f4xx.o(i.SetSysClock)
    i.StrComp                                0x080014c4   Section        0  str.o(i.StrComp)
    i.SysTick_CLKSourceConfig                0x080014e6   Section        0  misc.o(i.SysTick_CLKSourceConfig)
    i.SysTick_Handler                        0x08001510   Section        0  systick.o(i.SysTick_Handler)
    i.SysTick_us_Init                        0x08001524   Section        0  systick.o(i.SysTick_us_Init)
    i.SystemInit                             0x0800157c   Section        0  system_stm32f4xx.o(i.SystemInit)
    i.TFTLCD_FSMC_Init                       0x080015e4   Section        0  tftlcd.o(i.TFTLCD_FSMC_Init)
    i.TFTLCD_GPIO_Init                       0x08001664   Section        0  tftlcd.o(i.TFTLCD_GPIO_Init)
    i.TFTLCD_Init                            0x0800181c   Section        0  tftlcd.o(i.TFTLCD_Init)
    i.Task1_Func                             0x08001adc   Section        0  demo.o(i.Task1_Func)
    i.Task2_Func                             0x08001c04   Section        0  demo.o(i.Task2_Func)
    i.Task3_Func                             0x08001ecc   Section        0  demo.o(i.Task3_Func)
    i.Task4_Func                             0x08001f58   Section        0  demo.o(i.Task4_Func)
    i.USART1_IRQHandler                      0x08001fe0   Section        0  usart.o(i.USART1_IRQHandler)
    i.USART1_Init                            0x08002068   Section        0  usart.o(i.USART1_Init)
    i.USART_ClearFlag                        0x0800211c   Section        0  stm32f4xx_usart.o(i.USART_ClearFlag)
    i.USART_Cmd                              0x0800212e   Section        0  stm32f4xx_usart.o(i.USART_Cmd)
    i.USART_GetFlagStatus                    0x08002146   Section        0  stm32f4xx_usart.o(i.USART_GetFlagStatus)
    i.USART_GetITStatus                      0x08002160   Section        0  stm32f4xx_usart.o(i.USART_GetITStatus)
    i.USART_ITConfig                         0x080021b4   Section        0  stm32f4xx_usart.o(i.USART_ITConfig)
    i.USART_Init                             0x08002200   Section        0  stm32f4xx_usart.o(i.USART_Init)
    i.USART_ReceiveData                      0x080022d4   Section        0  stm32f4xx_usart.o(i.USART_ReceiveData)
    i.USART_SendData                         0x080022de   Section        0  stm32f4xx_usart.o(i.USART_SendData)
    i.UsageFault_Handler                     0x080022e6   Section        0  stm32f4xx_it.o(i.UsageFault_Handler)
    i.__0printf$5                            0x080022ec   Section        0  printf5.o(i.__0printf$5)
    i.__scatterload_copy                     0x0800230c   Section       14  handlers.o(i.__scatterload_copy)
    i.__scatterload_null                     0x0800231a   Section        2  handlers.o(i.__scatterload_null)
    i.__scatterload_zeroinit                 0x0800231c   Section       14  handlers.o(i.__scatterload_zeroinit)
    i._print_X                               0x0800232a   Section        0  print.o(i._print_X)
    _print_X                                 0x0800232b   Thumb Code   210  print.o(i._print_X)
    i._print_d                               0x080023fc   Section        0  print.o(i._print_d)
    _print_d                                 0x080023fd   Thumb Code    36  print.o(i._print_d)
    i._print_lf                              0x08002420   Section        0  print.o(i._print_lf)
    _print_lf                                0x08002421   Thumb Code   212  print.o(i._print_lf)
    i._print_num                             0x080024f4   Section        0  print.o(i._print_num)
    _print_num                               0x080024f5   Thumb Code   640  print.o(i._print_num)
    i._print_o                               0x0800278c   Section        0  print.o(i._print_o)
    _print_o                                 0x0800278d   Thumb Code   100  print.o(i._print_o)
    i._print_x                               0x080027f0   Section        0  print.o(i._print_x)
    _print_x                                 0x080027f1   Thumb Code   210  print.o(i._print_x)
    i._printf_core                           0x080028c4   Section        0  printf5.o(i._printf_core)
    _printf_core                             0x080028c5   Thumb Code   658  printf5.o(i._printf_core)
    i._vpchar                                0x08002b84   Section        0  print.o(i._vpchar)
    _vpchar                                  0x08002b85   Thumb Code    32  print.o(i._vpchar)
    i.fputc                                  0x08002ba4   Section        0  usart.o(i.fputc)
    i.main                                   0x08002bc8   Section        0  main.o(i.main)
    i.osClockInit                            0x08002cc4   Section        0  osclock.o(i.osClockInit)
    i.osClockTimePulse                       0x08002ce0   Section        0  osclock.o(i.osClockTimePulse)
    i.osInit                                 0x08002e48   Section        0  osmain.o(i.osInit)
    i.osMainSpeedTest                        0x08003018   Section        0  osmain.o(i.osMainSpeedTest)
    i.osMemoryFree                           0x080030b8   Section        0  osmemory.o(i.osMemoryFree)
    i.osMemoryGetAllValue                    0x08003118   Section        0  osmemory.o(i.osMemoryGetAllValue)
    i.osMemoryGetFreeValue                   0x08003120   Section        0  osmemory.o(i.osMemoryGetFreeValue)
    i.osMemoryGetPassValue                   0x08003158   Section        0  osmemory.o(i.osMemoryGetPassValue)
    i.osMemoryInit                           0x080031a0   Section        0  osmemory.o(i.osMemoryInit)
    i.osMemoryMalloc                         0x080031b4   Section        0  osmemory.o(i.osMemoryMalloc)
    i.osPostInit                             0x080032c4   Section        0  ospost.o(i.osPostInit)
    i.osPostRead                             0x080032c8   Section        0  ospost.o(i.osPostRead)
    i.osPostReadWait                         0x080032f8   Section        0  ospost.o(i.osPostReadWait)
    i.osPostSend                             0x08003330   Section        0  ospost.o(i.osPostSend)
    i.osSignalApplyPost                      0x080033b8   Section        0  ossignal.o(i.osSignalApplyPost)
    i.osSignalApply_Wait                     0x080033e0   Section        0  ossignal.o(i.osSignalApply_Wait)
    i.osSignalFree                           0x08003470   Section        0  ossignal.o(i.osSignalFree)
    i.osSignalFreePost                       0x080034bc   Section        0  ossignal.o(i.osSignalFreePost)
    i.osSignalLogin                          0x08003528   Section        0  ossignal.o(i.osSignalLogin)
    i.osSignalWaitPost                       0x08003570   Section        0  ossignal.o(i.osSignalWaitPost)
    i.osTaskDelayMs                          0x080035fc   Section        0  ostask.o(i.osTaskDelayMs)
    i.osTaskError_HardFault                  0x08003634   Section        0  oserror.o(i.osTaskError_HardFault)
    i.osTaskExit                             0x0800391c   Section        0  ostask.o(i.osTaskExit)
    i.osTaskInit                             0x08003940   Section        0  ostask.o(i.osTaskInit)
    i.osTaskLogin                            0x080039f0   Section        0  ostask.o(i.osTaskLogin)
    i.osTaskNameToTable                      0x08003ad8   Section        0  ostask.o(i.osTaskNameToTable)
    i.osTaskNext                             0x08003b4c   Section        0  ostask.o(i.osTaskNext)
    i.osTaskRegister_Write                   0x08003c18   Section        0  ostask.o(i.osTaskRegister_Write)
    i.osTaskSet                              0x08003d98   Section        0  ostask.o(i.osTaskSet)
    i.pchar                                  0x08003eb4   Section        0  print.o(i.pchar)
    i.uLinkListAdd                           0x08003ed8   Section        0  linklist.o(i.uLinkListAdd)
    i.uLinkListInsert                        0x08003efe   Section        0  linklist.o(i.uLinkListInsert)
    i.vpchar                                 0x08003f46   Section        0  print.o(i.vpchar)
    vpchar                                   0x08003f47   Thumb Code    30  print.o(i.vpchar)
    i.xprint                                 0x08003f64   Section        0  print.o(i.xprint)
    .constdata                               0x0800413e   Section    18712  tftlcd.o(.constdata)
    .data                                    0x20000000   Section        8  osclock.o(.data)
    .data                                    0x20000008   Section        1  oscpu.o(.data)
    .data                                    0x2000000c   Section        4  osmemory.o(.data)
    .data                                    0x20000010   Section       12  ostask.o(.data)
    .data                                    0x2000001c   Section       12  rtc.o(.data)
    .data                                    0x20000028   Section        1  systick.o(.data)
    .data                                    0x2000002a   Section       12  tftlcd.o(.data)
    .data                                    0x20000036   Section        2  usart.o(.data)
    .data                                    0x20000038   Section       16  stm32f4xx_rcc.o(.data)
    APBAHBPrescTable                         0x20000038   Data          16  stm32f4xx_rcc.o(.data)
    .data                                    0x20000048   Section        4  stdout.o(.data)
    .bss                                     0x2000004c   Section     7200  osmemory.o(.bss)
    .bss                                     0x20001c6c   Section      256  ostask.o(.bss)
    .bss                                     0x20001d6c   Section      200  usart.o(.bss)
    STACK                                    0x20001e38   Section     2048  startup_stm32f40_41xxx.o(STACK)

    Global Symbols

    Symbol Name                              Value     Ov Type        Size  Object(Section)

    BuildAttributes$$THM_ISAv4$E$P$D$K$B$S$7EM$VFPi3$EXTD16$VFPS$VFMA$PE$A:L22UL41UL21$X:L11$S22US41US21$IEEE1$IW$USESV6$~STKCKD$USESV7$~SHL$OSPACE$ROPI$EBA8$MICROLIB$REQ8$PRES8$EABIv2 0x00000000   Number         0  anon$$obj.o ABSOLUTE
    __ARM_use_no_argv                        0x00000000   Number         0  main.o ABSOLUTE
    _printf_a                                0x00000000   Number         0  stubs.o ABSOLUTE
    _printf_c                                0x00000000   Number         0  stubs.o ABSOLUTE
    _printf_charcount                        0x00000000   Number         0  stubs.o ABSOLUTE
    _printf_d                                0x00000000   Number         0  stubs.o ABSOLUTE
    _printf_e                                0x00000000   Number         0  stubs.o ABSOLUTE
    _printf_f                                0x00000000   Number         0  stubs.o ABSOLUTE
    _printf_flags                            0x00000000   Number         0  stubs.o ABSOLUTE
    _printf_fp_dec                           0x00000000   Number         0  stubs.o ABSOLUTE
    _printf_fp_hex                           0x00000000   Number         0  stubs.o ABSOLUTE
    _printf_g                                0x00000000   Number         0  stubs.o ABSOLUTE
    _printf_i                                0x00000000   Number         0  stubs.o ABSOLUTE
    _printf_int_dec                          0x00000000   Number         0  stubs.o ABSOLUTE
    _printf_l                                0x00000000   Number         0  stubs.o ABSOLUTE
    _printf_lc                               0x00000000   Number         0  stubs.o ABSOLUTE
    _printf_ll                               0x00000000   Number         0  stubs.o ABSOLUTE
    _printf_lld                              0x00000000   Number         0  stubs.o ABSOLUTE
    _printf_lli                              0x00000000   Number         0  stubs.o ABSOLUTE
    _printf_llo                              0x00000000   Number         0  stubs.o ABSOLUTE
    _printf_llu                              0x00000000   Number         0  stubs.o ABSOLUTE
    _printf_llx                              0x00000000   Number         0  stubs.o ABSOLUTE
    _printf_longlong_dec                     0x00000000   Number         0  stubs.o ABSOLUTE
    _printf_longlong_hex                     0x00000000   Number         0  stubs.o ABSOLUTE
    _printf_longlong_oct                     0x00000000   Number         0  stubs.o ABSOLUTE
    _printf_ls                               0x00000000   Number         0  stubs.o ABSOLUTE
    _printf_mbtowc                           0x00000000   Number         0  stubs.o ABSOLUTE
    _printf_n                                0x00000000   Number         0  stubs.o ABSOLUTE
    _printf_o                                0x00000000   Number         0  stubs.o ABSOLUTE
    _printf_p                                0x00000000   Number         0  stubs.o ABSOLUTE
    _printf_percent                          0x00000000   Number         0  stubs.o ABSOLUTE
    _printf_pre_padding                      0x00000000   Number         0  stubs.o ABSOLUTE
    _printf_return_value                     0x00000000   Number         0  stubs.o ABSOLUTE
    _printf_s                                0x00000000   Number         0  stubs.o ABSOLUTE
    _printf_sizespec                         0x00000000   Number         0  stubs.o ABSOLUTE
    _printf_str                              0x00000000   Number         0  stubs.o ABSOLUTE
    _printf_truncate_signed                  0x00000000   Number         0  stubs.o ABSOLUTE
    _printf_truncate_unsigned                0x00000000   Number         0  stubs.o ABSOLUTE
    _printf_u                                0x00000000   Number         0  stubs.o ABSOLUTE
    _printf_wc                               0x00000000   Number         0  stubs.o ABSOLUTE
    _printf_wctomb                           0x00000000   Number         0  stubs.o ABSOLUTE
    _printf_widthprec                        0x00000000   Number         0  stubs.o ABSOLUTE
    _printf_x                                0x00000000   Number         0  stubs.o ABSOLUTE
    __cpp_initialize__aeabi_                  - Undefined Weak Reference
    __cxa_finalize                            - Undefined Weak Reference
    __decompress                              - Undefined Weak Reference
    _clock_init                               - Undefined Weak Reference
    _microlib_exit                            - Undefined Weak Reference
    __Vectors_Size                           0x00000188   Number         0  startup_stm32f40_41xxx.o ABSOLUTE
    __Vectors                                0x08000000   Data           4  startup_stm32f40_41xxx.o(RESET)
    __Vectors_End                            0x08000188   Data           0  startup_stm32f40_41xxx.o(RESET)
    __main                                   0x08000189   Thumb Code     0  entry.o(.ARM.Collect$$$$00000000)
    _main_stk                                0x08000189   Thumb Code     0  entry2.o(.ARM.Collect$$$$00000001)
    _main_scatterload                        0x0800018d   Thumb Code     0  entry5.o(.ARM.Collect$$$$00000004)
    __main_after_scatterload                 0x08000191   Thumb Code     0  entry5.o(.ARM.Collect$$$$00000004)
    _main_clock                              0x08000191   Thumb Code     0  entry7b.o(.ARM.Collect$$$$00000008)
    _main_cpp_init                           0x08000191   Thumb Code     0  entry8b.o(.ARM.Collect$$$$0000000A)
    _main_init                               0x08000191   Thumb Code     0  entry9a.o(.ARM.Collect$$$$0000000B)
    __rt_final_cpp                           0x08000199   Thumb Code     0  entry10a.o(.ARM.Collect$$$$0000000D)
    __rt_final_exit                          0x08000199   Thumb Code     0  entry11a.o(.ARM.Collect$$$$0000000F)
    osTASK_Stack_Init                        0x0800019d   Thumb Code    78  oscpu.o(.emb_text)
    osTASK_FIRST_START                       0x080001eb   Thumb Code    26  oscpu.o(.emb_text)
    FPU_STACK_ENABLE                         0x08000205   Thumb Code    14  oscpu.o(.emb_text)
    Read_PSP                                 0x08000213   Thumb Code     6  oscpu.o(.emb_text)
    Read_PC                                  0x08000219   Thumb Code     8  oscpu.o(.emb_text)
    PendSV_Handler                           0x08000221   Thumb Code    64  oscpu.o(.emb_text)
    print                                    0x08000269   Thumb Code    40  print.o(.emb_text)
    sprint                                   0x08000295   Thumb Code    40  print.o(.emb_text)
    Reset_Handler                            0x080002c1   Thumb Code     8  startup_stm32f40_41xxx.o(.text)
    ADC_IRQHandler                           0x080002db   Thumb Code     0  startup_stm32f40_41xxx.o(.text)
    CAN1_RX0_IRQHandler                      0x080002db   Thumb Code     0  startup_stm32f40_41xxx.o(.text)
    CAN1_RX1_IRQHandler                      0x080002db   Thumb Code     0  startup_stm32f40_41xxx.o(.text)
    CAN1_SCE_IRQHandler                      0x080002db   Thumb Code     0  startup_stm32f40_41xxx.o(.text)
    CAN1_TX_IRQHandler                       0x080002db   Thumb Code     0  startup_stm32f40_41xxx.o(.text)
    CAN2_RX0_IRQHandler                      0x080002db   Thumb Code     0  startup_stm32f40_41xxx.o(.text)
    CAN2_RX1_IRQHandler                      0x080002db   Thumb Code     0  startup_stm32f40_41xxx.o(.text)
    CAN2_SCE_IRQHandler                      0x080002db   Thumb Code     0  startup_stm32f40_41xxx.o(.text)
    CAN2_TX_IRQHandler                       0x080002db   Thumb Code     0  startup_stm32f40_41xxx.o(.text)
    CRYP_IRQHandler                          0x080002db   Thumb Code     0  startup_stm32f40_41xxx.o(.text)
    DCMI_IRQHandler                          0x080002db   Thumb Code     0  startup_stm32f40_41xxx.o(.text)
    DMA1_Stream0_IRQHandler                  0x080002db   Thumb Code     0  startup_stm32f40_41xxx.o(.text)
    DMA1_Stream1_IRQHandler                  0x080002db   Thumb Code     0  startup_stm32f40_41xxx.o(.text)
    DMA1_Stream2_IRQHandler                  0x080002db   Thumb Code     0  startup_stm32f40_41xxx.o(.text)
    DMA1_Stream3_IRQHandler                  0x080002db   Thumb Code     0  startup_stm32f40_41xxx.o(.text)
    DMA1_Stream4_IRQHandler                  0x080002db   Thumb Code     0  startup_stm32f40_41xxx.o(.text)
    DMA1_Stream5_IRQHandler                  0x080002db   Thumb Code     0  startup_stm32f40_41xxx.o(.text)
    DMA1_Stream6_IRQHandler                  0x080002db   Thumb Code     0  startup_stm32f40_41xxx.o(.text)
    DMA1_Stream7_IRQHandler                  0x080002db   Thumb Code     0  startup_stm32f40_41xxx.o(.text)
    DMA2_Stream0_IRQHandler                  0x080002db   Thumb Code     0  startup_stm32f40_41xxx.o(.text)
    DMA2_Stream1_IRQHandler                  0x080002db   Thumb Code     0  startup_stm32f40_41xxx.o(.text)
    DMA2_Stream2_IRQHandler                  0x080002db   Thumb Code     0  startup_stm32f40_41xxx.o(.text)
    DMA2_Stream3_IRQHandler                  0x080002db   Thumb Code     0  startup_stm32f40_41xxx.o(.text)
    DMA2_Stream4_IRQHandler                  0x080002db   Thumb Code     0  startup_stm32f40_41xxx.o(.text)
    DMA2_Stream5_IRQHandler                  0x080002db   Thumb Code     0  startup_stm32f40_41xxx.o(.text)
    DMA2_Stream6_IRQHandler                  0x080002db   Thumb Code     0  startup_stm32f40_41xxx.o(.text)
    DMA2_Stream7_IRQHandler                  0x080002db   Thumb Code     0  startup_stm32f40_41xxx.o(.text)
    ETH_IRQHandler                           0x080002db   Thumb Code     0  startup_stm32f40_41xxx.o(.text)
    ETH_WKUP_IRQHandler                      0x080002db   Thumb Code     0  startup_stm32f40_41xxx.o(.text)
    EXTI0_IRQHandler                         0x080002db   Thumb Code     0  startup_stm32f40_41xxx.o(.text)
    EXTI15_10_IRQHandler                     0x080002db   Thumb Code     0  startup_stm32f40_41xxx.o(.text)
    EXTI1_IRQHandler                         0x080002db   Thumb Code     0  startup_stm32f40_41xxx.o(.text)
    EXTI2_IRQHandler                         0x080002db   Thumb Code     0  startup_stm32f40_41xxx.o(.text)
    EXTI3_IRQHandler                         0x080002db   Thumb Code     0  startup_stm32f40_41xxx.o(.text)
    EXTI4_IRQHandler                         0x080002db   Thumb Code     0  startup_stm32f40_41xxx.o(.text)
    EXTI9_5_IRQHandler                       0x080002db   Thumb Code     0  startup_stm32f40_41xxx.o(.text)
    FLASH_IRQHandler                         0x080002db   Thumb Code     0  startup_stm32f40_41xxx.o(.text)
    FPU_IRQHandler                           0x080002db   Thumb Code     0  startup_stm32f40_41xxx.o(.text)
    FSMC_IRQHandler                          0x080002db   Thumb Code     0  startup_stm32f40_41xxx.o(.text)
    HASH_RNG_IRQHandler                      0x080002db   Thumb Code     0  startup_stm32f40_41xxx.o(.text)
    I2C1_ER_IRQHandler                       0x080002db   Thumb Code     0  startup_stm32f40_41xxx.o(.text)
    I2C1_EV_IRQHandler                       0x080002db   Thumb Code     0  startup_stm32f40_41xxx.o(.text)
    I2C2_ER_IRQHandler                       0x080002db   Thumb Code     0  startup_stm32f40_41xxx.o(.text)
    I2C2_EV_IRQHandler                       0x080002db   Thumb Code     0  startup_stm32f40_41xxx.o(.text)
    I2C3_ER_IRQHandler                       0x080002db   Thumb Code     0  startup_stm32f40_41xxx.o(.text)
    I2C3_EV_IRQHandler                       0x080002db   Thumb Code     0  startup_stm32f40_41xxx.o(.text)
    OTG_FS_IRQHandler                        0x080002db   Thumb Code     0  startup_stm32f40_41xxx.o(.text)
    OTG_FS_WKUP_IRQHandler                   0x080002db   Thumb Code     0  startup_stm32f40_41xxx.o(.text)
    OTG_HS_EP1_IN_IRQHandler                 0x080002db   Thumb Code     0  startup_stm32f40_41xxx.o(.text)
    OTG_HS_EP1_OUT_IRQHandler                0x080002db   Thumb Code     0  startup_stm32f40_41xxx.o(.text)
    OTG_HS_IRQHandler                        0x080002db   Thumb Code     0  startup_stm32f40_41xxx.o(.text)
    OTG_HS_WKUP_IRQHandler                   0x080002db   Thumb Code     0  startup_stm32f40_41xxx.o(.text)
    PVD_IRQHandler                           0x080002db   Thumb Code     0  startup_stm32f40_41xxx.o(.text)
    RCC_IRQHandler                           0x080002db   Thumb Code     0  startup_stm32f40_41xxx.o(.text)
    SDIO_IRQHandler                          0x080002db   Thumb Code     0  startup_stm32f40_41xxx.o(.text)
    SPI1_IRQHandler                          0x080002db   Thumb Code     0  startup_stm32f40_41xxx.o(.text)
    SPI2_IRQHandler                          0x080002db   Thumb Code     0  startup_stm32f40_41xxx.o(.text)
    SPI3_IRQHandler                          0x080002db   Thumb Code     0  startup_stm32f40_41xxx.o(.text)
    TAMP_STAMP_IRQHandler                    0x080002db   Thumb Code     0  startup_stm32f40_41xxx.o(.text)
    TIM1_BRK_TIM9_IRQHandler                 0x080002db   Thumb Code     0  startup_stm32f40_41xxx.o(.text)
    TIM1_CC_IRQHandler                       0x080002db   Thumb Code     0  startup_stm32f40_41xxx.o(.text)
    TIM1_TRG_COM_TIM11_IRQHandler            0x080002db   Thumb Code     0  startup_stm32f40_41xxx.o(.text)
    TIM1_UP_TIM10_IRQHandler                 0x080002db   Thumb Code     0  startup_stm32f40_41xxx.o(.text)
    TIM2_IRQHandler                          0x080002db   Thumb Code     0  startup_stm32f40_41xxx.o(.text)
    TIM3_IRQHandler                          0x080002db   Thumb Code     0  startup_stm32f40_41xxx.o(.text)
    TIM4_IRQHandler                          0x080002db   Thumb Code     0  startup_stm32f40_41xxx.o(.text)
    TIM5_IRQHandler                          0x080002db   Thumb Code     0  startup_stm32f40_41xxx.o(.text)
    TIM6_DAC_IRQHandler                      0x080002db   Thumb Code     0  startup_stm32f40_41xxx.o(.text)
    TIM7_IRQHandler                          0x080002db   Thumb Code     0  startup_stm32f40_41xxx.o(.text)
    TIM8_BRK_TIM12_IRQHandler                0x080002db   Thumb Code     0  startup_stm32f40_41xxx.o(.text)
    TIM8_CC_IRQHandler                       0x080002db   Thumb Code     0  startup_stm32f40_41xxx.o(.text)
    TIM8_TRG_COM_TIM14_IRQHandler            0x080002db   Thumb Code     0  startup_stm32f40_41xxx.o(.text)
    TIM8_UP_TIM13_IRQHandler                 0x080002db   Thumb Code     0  startup_stm32f40_41xxx.o(.text)
    UART4_IRQHandler                         0x080002db   Thumb Code     0  startup_stm32f40_41xxx.o(.text)
    UART5_IRQHandler                         0x080002db   Thumb Code     0  startup_stm32f40_41xxx.o(.text)
    USART2_IRQHandler                        0x080002db   Thumb Code     0  startup_stm32f40_41xxx.o(.text)
    USART3_IRQHandler                        0x080002db   Thumb Code     0  startup_stm32f40_41xxx.o(.text)
    USART6_IRQHandler                        0x080002db   Thumb Code     0  startup_stm32f40_41xxx.o(.text)
    WWDG_IRQHandler                          0x080002db   Thumb Code     0  startup_stm32f40_41xxx.o(.text)
    __aeabi_ldivmod                          0x080002e5   Thumb Code    98  ldiv.o(.text)
    __aeabi_dmul                             0x08000347   Thumb Code   228  dmul.o(.text)
    __aeabi_i2d                              0x0800042b   Thumb Code    34  dflti.o(.text)
    __aeabi_ui2d                             0x0800044d   Thumb Code    26  dfltui.o(.text)
    __aeabi_d2iz                             0x08000467   Thumb Code    62  dfixi.o(.text)
    __aeabi_d2uiz                            0x080004a5   Thumb Code    50  dfixui.o(.text)
    __aeabi_uldivmod                         0x080004d7   Thumb Code    98  uldiv.o(.text)
    __aeabi_llsl                             0x08000539   Thumb Code    30  llshl.o(.text)
    _ll_shift_l                              0x08000539   Thumb Code     0  llshl.o(.text)
    __aeabi_llsr                             0x08000557   Thumb Code    32  llushr.o(.text)
    _ll_ushift_r                             0x08000557   Thumb Code     0  llushr.o(.text)
    __I$use$fp                               0x08000577   Thumb Code     0  iusefp.o(.text)
    _double_round                            0x08000577   Thumb Code    30  depilogue.o(.text)
    _double_epilogue                         0x08000595   Thumb Code   156  depilogue.o(.text)
    __scatterload                            0x08000631   Thumb Code    28  init.o(.text)
    __scatterload_rt2                        0x08000631   Thumb Code     0  init.o(.text)
    CPU_SVC                                  0x08000655   Thumb Code     0  oscpu_1.o(CODE)
    CPU_PendSV_STATE                         0x0800065b   Thumb Code     0  oscpu_1.o(CODE)
    CPU_PendSV                               0x08000667   Thumb Code     0  oscpu_1.o(CODE)
    INTX_DISABLE                             0x08000673   Thumb Code     0  oscpu_1.o(CODE)
    INTX_ENABLE                              0x08000677   Thumb Code     0  oscpu_1.o(CODE)
    BusFault_Handler                         0x08000681   Thumb Code     4  stm32f4xx_it.o(i.BusFault_Handler)
    DebugMon_Handler                         0x08000685   Thumb Code     2  stm32f4xx_it.o(i.DebugMon_Handler)
    EXTI_ClearITPendingBit                   0x08000689   Thumb Code     6  stm32f4xx_exti.o(i.EXTI_ClearITPendingBit)
    EXTI_Init                                0x08000695   Thumb Code   142  stm32f4xx_exti.o(i.EXTI_Init)
    FSMC_NORSRAMCmd                          0x08000729   Thumb Code    46  stm32f4xx_fsmc.o(i.FSMC_NORSRAMCmd)
    FSMC_NORSRAMInit                         0x0800075d   Thumb Code   290  stm32f4xx_fsmc.o(i.FSMC_NORSRAMInit)
    GPIO_Init                                0x08000885   Thumb Code   144  stm32f4xx_gpio.o(i.GPIO_Init)
    GPIO_PinAFConfig                         0x08000915   Thumb Code    70  stm32f4xx_gpio.o(i.GPIO_PinAFConfig)
    GPIO_SetBits                             0x0800095b   Thumb Code     4  stm32f4xx_gpio.o(i.GPIO_SetBits)
    HardFault_Handler                        0x0800095f   Thumb Code     8  stm32f4xx_it.o(i.HardFault_Handler)
    LCD_Clear                                0x08000969   Thumb Code    68  tftlcd.o(i.LCD_Clear)
    LCD_Display_Dir                          0x080009b1   Thumb Code    66  tftlcd.o(i.LCD_Display_Dir)
    LCD_DrawFRONT_COLOR                      0x080009f9   Thumb Code    28  tftlcd.o(i.LCD_DrawFRONT_COLOR)
    LCD_Set_Window                           0x08000a15   Thumb Code   166  tftlcd.o(i.LCD_Set_Window)
    LCD_ShowChar                             0x08000abd   Thumb Code   272  tftlcd.o(i.LCD_ShowChar)
    LCD_ShowString                           0x08000be5   Thumb Code   102  tftlcd.o(i.LCD_ShowString)
    LCD_WriteCmd                             0x08000c4d   Thumb Code     6  tftlcd.o(i.LCD_WriteCmd)
    LCD_WriteData                            0x08000c59   Thumb Code     6  tftlcd.o(i.LCD_WriteData)
    LCD_WriteData_Color                      0x08000c65   Thumb Code     6  tftlcd.o(i.LCD_WriteData_Color)
    LED_Init                                 0x08000c71   Thumb Code    82  demo.o(i.LED_Init)
    MemManage_Handler                        0x08000cc9   Thumb Code     4  stm32f4xx_it.o(i.MemManage_Handler)
    NMI_Handler                              0x08000ccd   Thumb Code     2  stm32f4xx_it.o(i.NMI_Handler)
    NVIC_Init                                0x08000cd1   Thumb Code   106  misc.o(i.NVIC_Init)
    NVIC_PriorityGroupConfig                 0x08000d49   Thumb Code    10  misc.o(i.NVIC_PriorityGroupConfig)
    PWR_BackupAccessCmd                      0x08000d85   Thumb Code     6  stm32f4xx_pwr.o(i.PWR_BackupAccessCmd)
    RCC_AHB1PeriphClockCmd                   0x08000d91   Thumb Code    26  stm32f4xx_rcc.o(i.RCC_AHB1PeriphClockCmd)
    RCC_AHB3PeriphClockCmd                   0x08000db1   Thumb Code    26  stm32f4xx_rcc.o(i.RCC_AHB3PeriphClockCmd)
    RCC_APB1PeriphClockCmd                   0x08000dd1   Thumb Code    26  stm32f4xx_rcc.o(i.RCC_APB1PeriphClockCmd)
    RCC_APB2PeriphClockCmd                   0x08000df1   Thumb Code    26  stm32f4xx_rcc.o(i.RCC_APB2PeriphClockCmd)
    RCC_GetClocksFreq                        0x08000e11   Thumb Code   214  stm32f4xx_rcc.o(i.RCC_GetClocksFreq)
    RCC_GetFlagStatus                        0x08000ef9   Thumb Code    60  stm32f4xx_rcc.o(i.RCC_GetFlagStatus)
    RCC_LSEConfig                            0x08000f39   Thumb Code    40  stm32f4xx_rcc.o(i.RCC_LSEConfig)
    RCC_RTCCLKCmd                            0x08000f65   Thumb Code     6  stm32f4xx_rcc.o(i.RCC_RTCCLKCmd)
    RCC_RTCCLKConfig                         0x08000f71   Thumb Code    50  stm32f4xx_rcc.o(i.RCC_RTCCLKConfig)
    RTC_Alarm_IRQHandler                     0x08000fad   Thumb Code    30  rtc.o(i.RTC_Alarm_IRQHandler)
    RTC_ClearFlag                            0x08000fe1   Thumb Code    24  stm32f4xx_rtc.o(i.RTC_ClearFlag)
    RTC_ClearITPendingBit                    0x08000ffd   Thumb Code    28  stm32f4xx_rtc.o(i.RTC_ClearITPendingBit)
    RTC_Config                               0x0800101d   Thumb Code   114  rtc.o(i.RTC_Config)
    RTC_EnterInitMode                        0x08001091   Thumb Code    76  stm32f4xx_rtc.o(i.RTC_EnterInitMode)
    RTC_ExitInitMode                         0x080010e1   Thumb Code    14  stm32f4xx_rtc.o(i.RTC_ExitInitMode)
    RTC_GetFlagStatus                        0x080010f5   Thumb Code    32  stm32f4xx_rtc.o(i.RTC_GetFlagStatus)
    RTC_GetTime                              0x0800111d   Thumb Code    72  stm32f4xx_rtc.o(i.RTC_GetTime)
    RTC_ITConfig                             0x0800116d   Thumb Code    94  stm32f4xx_rtc.o(i.RTC_ITConfig)
    RTC_Init                                 0x080011d1   Thumb Code    94  stm32f4xx_rtc.o(i.RTC_Init)
    RTC_ReadBackupRegister                   0x08001235   Thumb Code    26  stm32f4xx_rtc.o(i.RTC_ReadBackupRegister)
    RTC_SetWakeUpCounter                     0x08001255   Thumb Code    22  stm32f4xx_rtc.o(i.RTC_SetWakeUpCounter)
    RTC_Set_WakeUp                           0x08001271   Thumb Code   114  rtc.o(i.RTC_Set_WakeUp)
    RTC_WKUP_IRQHandler                      0x080012e5   Thumb Code    38  rtc.o(i.RTC_WKUP_IRQHandler)
    RTC_WakeUpClockConfig                    0x08001311   Thumb Code    42  stm32f4xx_rtc.o(i.RTC_WakeUpClockConfig)
    RTC_WakeUpCmd                            0x08001341   Thumb Code   116  stm32f4xx_rtc.o(i.RTC_WakeUpCmd)
    RTC_WriteBackupRegister                  0x080013b9   Thumb Code    24  stm32f4xx_rtc.o(i.RTC_WriteBackupRegister)
    SVC_Handler                              0x080013d5   Thumb Code     2  stm32f4xx_it.o(i.SVC_Handler)
    StrComp                                  0x080014c5   Thumb Code    34  str.o(i.StrComp)
    SysTick_CLKSourceConfig                  0x080014e7   Thumb Code    40  misc.o(i.SysTick_CLKSourceConfig)
    SysTick_Handler                          0x08001511   Thumb Code    14  systick.o(i.SysTick_Handler)
    SysTick_us_Init                          0x08001525   Thumb Code    84  systick.o(i.SysTick_us_Init)
    SystemInit                               0x0800157d   Thumb Code    88  system_stm32f4xx.o(i.SystemInit)
    TFTLCD_FSMC_Init                         0x080015e5   Thumb Code   126  tftlcd.o(i.TFTLCD_FSMC_Init)
    TFTLCD_GPIO_Init                         0x08001665   Thumb Code   416  tftlcd.o(i.TFTLCD_GPIO_Init)
    TFTLCD_Init                              0x0800181d   Thumb Code   678  tftlcd.o(i.TFTLCD_Init)
    Task1_Func                               0x08001add   Thumb Code   226  demo.o(i.Task1_Func)
    Task2_Func                               0x08001c05   Thumb Code   478  demo.o(i.Task2_Func)
    Task3_Func                               0x08001ecd   Thumb Code   132  demo.o(i.Task3_Func)
    Task4_Func                               0x08001f59   Thumb Code   128  demo.o(i.Task4_Func)
    USART1_IRQHandler                        0x08001fe1   Thumb Code   122  usart.o(i.USART1_IRQHandler)
    USART1_Init                              0x08002069   Thumb Code   172  usart.o(i.USART1_Init)
    USART_ClearFlag                          0x0800211d   Thumb Code    18  stm32f4xx_usart.o(i.USART_ClearFlag)
    USART_Cmd                                0x0800212f   Thumb Code    24  stm32f4xx_usart.o(i.USART_Cmd)
    USART_GetFlagStatus                      0x08002147   Thumb Code    26  stm32f4xx_usart.o(i.USART_GetFlagStatus)
    USART_GetITStatus                        0x08002161   Thumb Code    84  stm32f4xx_usart.o(i.USART_GetITStatus)
    USART_ITConfig                           0x080021b5   Thumb Code    74  stm32f4xx_usart.o(i.USART_ITConfig)
    USART_Init                               0x08002201   Thumb Code   204  stm32f4xx_usart.o(i.USART_Init)
    USART_ReceiveData                        0x080022d5   Thumb Code    10  stm32f4xx_usart.o(i.USART_ReceiveData)
    USART_SendData                           0x080022df   Thumb Code     8  stm32f4xx_usart.o(i.USART_SendData)
    UsageFault_Handler                       0x080022e7   Thumb Code     4  stm32f4xx_it.o(i.UsageFault_Handler)
    __0printf$5                              0x080022ed   Thumb Code    22  printf5.o(i.__0printf$5)
    __1printf$5                              0x080022ed   Thumb Code     0  printf5.o(i.__0printf$5)
    __2printf                                0x080022ed   Thumb Code     0  printf5.o(i.__0printf$5)
    __scatterload_copy                       0x0800230d   Thumb Code    14  handlers.o(i.__scatterload_copy)
    __scatterload_null                       0x0800231b   Thumb Code     2  handlers.o(i.__scatterload_null)
    __scatterload_zeroinit                   0x0800231d   Thumb Code    14  handlers.o(i.__scatterload_zeroinit)
    fputc                                    0x08002ba5   Thumb Code    32  usart.o(i.fputc)
    main                                     0x08002bc9   Thumb Code   154  main.o(i.main)
    osClockInit                              0x08002cc5   Thumb Code    26  osclock.o(i.osClockInit)
    osClockTimePulse                         0x08002ce1   Thumb Code   338  osclock.o(i.osClockTimePulse)
    osInit                                   0x08002e49   Thumb Code   198  osmain.o(i.osInit)
    osMainSpeedTest                          0x08003019   Thumb Code   100  osmain.o(i.osMainSpeedTest)
    osMemoryFree                             0x080030b9   Thumb Code    60  osmemory.o(i.osMemoryFree)
    osMemoryGetAllValue                      0x08003119   Thumb Code     6  osmemory.o(i.osMemoryGetAllValue)
    osMemoryGetFreeValue                     0x08003121   Thumb Code    44  osmemory.o(i.osMemoryGetFreeValue)
    osMemoryGetPassValue                     0x08003159   Thumb Code    60  osmemory.o(i.osMemoryGetPassValue)
    osMemoryInit                             0x080031a1   Thumb Code    10  osmemory.o(i.osMemoryInit)
    osMemoryMalloc                           0x080031b5   Thumb Code   218  osmemory.o(i.osMemoryMalloc)
    osPostInit                               0x080032c5   Thumb Code     4  ospost.o(i.osPostInit)
    osPostRead                               0x080032c9   Thumb Code    42  ospost.o(i.osPostRead)
    osPostReadWait                           0x080032f9   Thumb Code    48  ospost.o(i.osPostReadWait)
    osPostSend                               0x08003331   Thumb Code   128  ospost.o(i.osPostSend)
    osSignalApplyPost                        0x080033b9   Thumb Code    36  ossignal.o(i.osSignalApplyPost)
    osSignalApply_Wait                       0x080033e1   Thumb Code   140  ossignal.o(i.osSignalApply_Wait)
    osSignalFree                             0x08003471   Thumb Code    70  ossignal.o(i.osSignalFree)
    osSignalFreePost                         0x080034bd   Thumb Code    98  ossignal.o(i.osSignalFreePost)
    osSignalLogin                            0x08003529   Thumb Code    72  ossignal.o(i.osSignalLogin)
    osSignalWaitPost                         0x08003571   Thumb Code   130  ossignal.o(i.osSignalWaitPost)
    osTaskDelayMs                            0x080035fd   Thumb Code    48  ostask.o(i.osTaskDelayMs)
    osTaskError_HardFault                    0x08003635   Thumb Code   360  oserror.o(i.osTaskError_HardFault)
    osTaskExit                               0x0800391d   Thumb Code    26  ostask.o(i.osTaskExit)
    osTaskInit                               0x08003941   Thumb Code   120  ostask.o(i.osTaskInit)
    osTaskLogin                              0x080039f1   Thumb Code   128  ostask.o(i.osTaskLogin)
    osTaskNameToTable                        0x08003ad9   Thumb Code    56  ostask.o(i.osTaskNameToTable)
    osTaskNext                               0x08003b4d   Thumb Code   184  ostask.o(i.osTaskNext)
    osTaskRegister_Write                     0x08003c19   Thumb Code   298  ostask.o(i.osTaskRegister_Write)
    osTaskSet                                0x08003d99   Thumb Code   230  ostask.o(i.osTaskSet)
    pchar                                    0x08003eb5   Thumb Code    30  print.o(i.pchar)
    uLinkListAdd                             0x08003ed9   Thumb Code    38  linklist.o(i.uLinkListAdd)
    uLinkListInsert                          0x08003eff   Thumb Code    72  linklist.o(i.uLinkListInsert)
    xprint                                   0x08003f65   Thumb Code   474  print.o(i.xprint)
    ascii_1206                               0x0800413e   Data        1140  tftlcd.o(.constdata)
    ascii_1608                               0x080045b2   Data        1520  tftlcd.o(.constdata)
    ascii_2412                               0x08004ba2   Data        3420  tftlcd.o(.constdata)
    ascii_3216                               0x080058fe   Data       12160  tftlcd.o(.constdata)
    CnChar32x29                              0x0800887e   Data         472  tftlcd.o(.constdata)
    Region$$Table$$Base                      0x08008a58   Number         0  anon$$obj.o(Region$$Table)
    Region$$Table$$Limit                     0x08008a78   Number         0  anon$$obj.o(Region$$Table)
    osTime                                   0x20000000   Data           8  osclock.o(.data)
    CPUS                                     0x20000008   Data           1  oscpu.o(.data)
    MemoryNextAddr                           0x2000000c   Data           4  osmemory.o(.data)
    NULL_Value                               0x20000010   Data           4  ostask.o(.data)
    TST                                      0x20000014   Data           3  ostask.o(.data)
    RunTask_TIT                              0x20000018   Data           4  ostask.o(.data)
    timebz                                   0x2000001c   Data           4  rtc.o(.data)
    RTC_TimeStruct                           0x20000020   Data           4  rtc.o(.data)
    RTC_DateStruct                           0x20000024   Data           4  rtc.o(.data)
    SysTick_us_Init_Test_Flag                0x20000028   Data           1  systick.o(.data)
    FRONT_COLOR                              0x2000002a   Data           2  tftlcd.o(.data)
    BACK_COLOR                               0x2000002c   Data           2  tftlcd.o(.data)
    tftlcd_data                              0x2000002e   Data           8  tftlcd.o(.data)
    USART1_RX_STA                            0x20000036   Data           2  usart.o(.data)
    __stdout                                 0x20000048   Data           4  stdout.o(.data)
    MemoryPool                               0x2000004c   Data        7200  osmemory.o(.bss)
    TL                                       0x20001c6c   Data         256  ostask.o(.bss)
    USART1_RX_BUF                            0x20001d6c   Data         200  usart.o(.bss)
    __initial_sp                             0x20002638   Data           0  startup_stm32f40_41xxx.o(STACK)



==============================================================================

Memory Map of the image

  Image Entry point : 0x08000189

  Load Region LR_IROM1 (Base: 0x08000000, Size: 0x00008ac4, Max: 0x00100000, ABSOLUTE)

    Execution Region ER_IROM1 (Exec base: 0x08000000, Load base: 0x08000000, Size: 0x00008a78, Max: 0x00100000, ABSOLUTE)

    Exec Addr    Load Addr    Size         Type   Attr      Idx    E Section Name        Object

    0x08000000   0x08000000   0x00000188   Data   RO         1468    RESET               startup_stm32f40_41xxx.o
    0x08000188   0x08000188   0x00000000   Code   RO         6525  * .ARM.Collect$$$$00000000  mc_w.l(entry.o)
    0x08000188   0x08000188   0x00000004   Code   RO         6807    .ARM.Collect$$$$00000001  mc_w.l(entry2.o)
    0x0800018c   0x0800018c   0x00000004   Code   RO         6810    .ARM.Collect$$$$00000004  mc_w.l(entry5.o)
    0x08000190   0x08000190   0x00000000   Code   RO         6812    .ARM.Collect$$$$00000008  mc_w.l(entry7b.o)
    0x08000190   0x08000190   0x00000000   Code   RO         6814    .ARM.Collect$$$$0000000A  mc_w.l(entry8b.o)
    0x08000190   0x08000190   0x00000008   Code   RO         6815    .ARM.Collect$$$$0000000B  mc_w.l(entry9a.o)
    0x08000198   0x08000198   0x00000000   Code   RO         6817    .ARM.Collect$$$$0000000D  mc_w.l(entry10a.o)
    0x08000198   0x08000198   0x00000000   Code   RO         6819    .ARM.Collect$$$$0000000F  mc_w.l(entry11a.o)
    0x08000198   0x08000198   0x00000004   Code   RO         6808    .ARM.Collect$$$$00002712  mc_w.l(entry2.o)
    0x0800019c   0x0800019c   0x000000cc   Code   RO          325    .emb_text           oscpu.o
    0x08000268   0x08000268   0x00000058   Code   RO         1148    .emb_text           print.o
    0x080002c0   0x080002c0   0x00000024   Code   RO         1469    .text               startup_stm32f40_41xxx.o
    0x080002e4   0x080002e4   0x00000062   Code   RO         6528    .text               mc_w.l(ldiv.o)
    0x08000346   0x08000346   0x000000e4   Code   RO         6793    .text               mf_w.l(dmul.o)
    0x0800042a   0x0800042a   0x00000022   Code   RO         6797    .text               mf_w.l(dflti.o)
    0x0800044c   0x0800044c   0x0000001a   Code   RO         6799    .text               mf_w.l(dfltui.o)
    0x08000466   0x08000466   0x0000003e   Code   RO         6801    .text               mf_w.l(dfixi.o)
    0x080004a4   0x080004a4   0x00000032   Code   RO         6803    .text               mf_w.l(dfixui.o)
    0x080004d6   0x080004d6   0x00000062   Code   RO         6824    .text               mc_w.l(uldiv.o)
    0x08000538   0x08000538   0x0000001e   Code   RO         6826    .text               mc_w.l(llshl.o)
    0x08000556   0x08000556   0x00000020   Code   RO         6828    .text               mc_w.l(llushr.o)
    0x08000576   0x08000576   0x00000000   Code   RO         6832    .text               mc_w.l(iusefp.o)
    0x08000576   0x08000576   0x000000ba   Code   RO         6833    .text               mf_w.l(depilogue.o)
    0x08000630   0x08000630   0x00000024   Code   RO         6839    .text               mc_w.l(init.o)
    0x08000654   0x08000654   0x0000002c   Code   RO          692    CODE                oscpu_1.o
    0x08000680   0x08000680   0x00000004   Code   RO         1279    i.BusFault_Handler  stm32f4xx_it.o
    0x08000684   0x08000684   0x00000002   Code   RO         1280    i.DebugMon_Handler  stm32f4xx_it.o
    0x08000686   0x08000686   0x00000002   PAD
    0x08000688   0x08000688   0x0000000c   Code   RO         2870    i.EXTI_ClearITPendingBit  stm32f4xx_exti.o
    0x08000694   0x08000694   0x00000094   Code   RO         2875    i.EXTI_Init         stm32f4xx_exti.o
    0x08000728   0x08000728   0x00000034   Code   RO         3264    i.FSMC_NORSRAMCmd   stm32f4xx_fsmc.o
    0x0800075c   0x0800075c   0x00000128   Code   RO         3266    i.FSMC_NORSRAMInit  stm32f4xx_fsmc.o
    0x08000884   0x08000884   0x00000090   Code   RO         3392    i.GPIO_Init         stm32f4xx_gpio.o
    0x08000914   0x08000914   0x00000046   Code   RO         3393    i.GPIO_PinAFConfig  stm32f4xx_gpio.o
    0x0800095a   0x0800095a   0x00000004   Code   RO         3400    i.GPIO_SetBits      stm32f4xx_gpio.o
    0x0800095e   0x0800095e   0x00000008   Code   RO         1281    i.HardFault_Handler  stm32f4xx_it.o
    0x08000966   0x08000966   0x00000002   PAD
    0x08000968   0x08000968   0x00000048   Code   RO          808    i.LCD_Clear         tftlcd.o
    0x080009b0   0x080009b0   0x00000048   Code   RO          810    i.LCD_Display_Dir   tftlcd.o
    0x080009f8   0x080009f8   0x0000001c   Code   RO          811    i.LCD_DrawFRONT_COLOR  tftlcd.o
    0x08000a14   0x08000a14   0x000000a6   Code   RO          824    i.LCD_Set_Window    tftlcd.o
    0x08000aba   0x08000aba   0x00000002   PAD
    0x08000abc   0x08000abc   0x00000128   Code   RO          825    i.LCD_ShowChar      tftlcd.o
    0x08000be4   0x08000be4   0x00000066   Code   RO          829    i.LCD_ShowString    tftlcd.o
    0x08000c4a   0x08000c4a   0x00000002   PAD
    0x08000c4c   0x08000c4c   0x0000000c   Code   RO          831    i.LCD_WriteCmd      tftlcd.o
    0x08000c58   0x08000c58   0x0000000c   Code   RO          833    i.LCD_WriteData     tftlcd.o
    0x08000c64   0x08000c64   0x0000000c   Code   RO          834    i.LCD_WriteData_Color  tftlcd.o
    0x08000c70   0x08000c70   0x00000058   Code   RO          199    i.LED_Init          demo.o
    0x08000cc8   0x08000cc8   0x00000004   Code   RO         1282    i.MemManage_Handler  stm32f4xx_it.o
    0x08000ccc   0x08000ccc   0x00000002   Code   RO         1283    i.NMI_Handler       stm32f4xx_it.o
    0x08000cce   0x08000cce   0x00000002   PAD
    0x08000cd0   0x08000cd0   0x00000078   Code   RO         1517    i.NVIC_Init         misc.o
    0x08000d48   0x08000d48   0x00000014   Code   RO         1518    i.NVIC_PriorityGroupConfig  misc.o
    0x08000d5c   0x08000d5c   0x00000028   Code   RO          378    i.NVIC_SetPriority  osmain.o
    0x08000d84   0x08000d84   0x0000000c   Code   RO         4171    i.PWR_BackupAccessCmd  stm32f4xx_pwr.o
    0x08000d90   0x08000d90   0x00000020   Code   RO         4306    i.RCC_AHB1PeriphClockCmd  stm32f4xx_rcc.o
    0x08000db0   0x08000db0   0x00000020   Code   RO         4312    i.RCC_AHB3PeriphClockCmd  stm32f4xx_rcc.o
    0x08000dd0   0x08000dd0   0x00000020   Code   RO         4315    i.RCC_APB1PeriphClockCmd  stm32f4xx_rcc.o
    0x08000df0   0x08000df0   0x00000020   Code   RO         4318    i.RCC_APB2PeriphClockCmd  stm32f4xx_rcc.o
    0x08000e10   0x08000e10   0x000000e8   Code   RO         4327    i.RCC_GetClocksFreq  stm32f4xx_rcc.o
    0x08000ef8   0x08000ef8   0x00000040   Code   RO         4328    i.RCC_GetFlagStatus  stm32f4xx_rcc.o
    0x08000f38   0x08000f38   0x0000002c   Code   RO         4336    i.RCC_LSEConfig     stm32f4xx_rcc.o
    0x08000f64   0x08000f64   0x0000000c   Code   RO         4350    i.RCC_RTCCLKCmd     stm32f4xx_rcc.o
    0x08000f70   0x08000f70   0x0000003c   Code   RO         4351    i.RCC_RTCCLKConfig  stm32f4xx_rcc.o
    0x08000fac   0x08000fac   0x0000001e   Code   RO          698    i.RTC_Alarm_IRQHandler  rtc.o
    0x08000fca   0x08000fca   0x00000016   Code   RO         4716    i.RTC_Bcd2ToByte    stm32f4xx_rtc.o
    0x08000fe0   0x08000fe0   0x0000001c   Code   RO         4721    i.RTC_ClearFlag     stm32f4xx_rtc.o
    0x08000ffc   0x08000ffc   0x00000020   Code   RO         4722    i.RTC_ClearITPendingBit  stm32f4xx_rtc.o
    0x0800101c   0x0800101c   0x00000072   Code   RO          699    i.RTC_Config        rtc.o
    0x0800108e   0x0800108e   0x00000002   PAD
    0x08001090   0x08001090   0x00000050   Code   RO         4728    i.RTC_EnterInitMode  stm32f4xx_rtc.o
    0x080010e0   0x080010e0   0x00000014   Code   RO         4729    i.RTC_ExitInitMode  stm32f4xx_rtc.o
    0x080010f4   0x080010f4   0x00000028   Code   RO         4733    i.RTC_GetFlagStatus  stm32f4xx_rtc.o
    0x0800111c   0x0800111c   0x00000050   Code   RO         4737    i.RTC_GetTime       stm32f4xx_rtc.o
    0x0800116c   0x0800116c   0x00000064   Code   RO         4741    i.RTC_ITConfig      stm32f4xx_rtc.o
    0x080011d0   0x080011d0   0x00000064   Code   RO         4742    i.RTC_Init          stm32f4xx_rtc.o
    0x08001234   0x08001234   0x00000020   Code   RO         4745    i.RTC_ReadBackupRegister  stm32f4xx_rtc.o
    0x08001254   0x08001254   0x0000001c   Code   RO         4750    i.RTC_SetWakeUpCounter  stm32f4xx_rtc.o
    0x08001270   0x08001270   0x00000072   Code   RO          703    i.RTC_Set_WakeUp    rtc.o
    0x080012e2   0x080012e2   0x00000002   PAD
    0x080012e4   0x080012e4   0x0000002c   Code   RO          704    i.RTC_WKUP_IRQHandler  rtc.o
    0x08001310   0x08001310   0x00000030   Code   RO         4766    i.RTC_WakeUpClockConfig  stm32f4xx_rtc.o
    0x08001340   0x08001340   0x00000078   Code   RO         4767    i.RTC_WakeUpCmd     stm32f4xx_rtc.o
    0x080013b8   0x080013b8   0x0000001c   Code   RO         4768    i.RTC_WriteBackupRegister  stm32f4xx_rtc.o
    0x080013d4   0x080013d4   0x00000002   Code   RO         1284    i.SVC_Handler       stm32f4xx_it.o
    0x080013d6   0x080013d6   0x00000002   PAD
    0x080013d8   0x080013d8   0x000000ec   Code   RO         1476    i.SetSysClock       system_stm32f4xx.o
    0x080014c4   0x080014c4   0x00000022   Code   RO         1229    i.StrComp           str.o
    0x080014e6   0x080014e6   0x00000028   Code   RO         1521    i.SysTick_CLKSourceConfig  misc.o
    0x0800150e   0x0800150e   0x00000002   PAD
    0x08001510   0x08001510   0x00000014   Code   RO          766    i.SysTick_Handler   systick.o
    0x08001524   0x08001524   0x00000058   Code   RO          768    i.SysTick_us_Init   systick.o
    0x0800157c   0x0800157c   0x00000068   Code   RO         1478    i.SystemInit        system_stm32f4xx.o
    0x080015e4   0x080015e4   0x0000007e   Code   RO          835    i.TFTLCD_FSMC_Init  tftlcd.o
    0x08001662   0x08001662   0x00000002   PAD
    0x08001664   0x08001664   0x000001b8   Code   RO          836    i.TFTLCD_GPIO_Init  tftlcd.o
    0x0800181c   0x0800181c   0x000002c0   Code   RO          837    i.TFTLCD_Init       tftlcd.o
    0x08001adc   0x08001adc   0x00000128   Code   RO          200    i.Task1_Func        demo.o
    0x08001c04   0x08001c04   0x000002c8   Code   RO          201    i.Task2_Func        demo.o
    0x08001ecc   0x08001ecc   0x0000008c   Code   RO          202    i.Task3_Func        demo.o
    0x08001f58   0x08001f58   0x00000088   Code   RO          203    i.Task4_Func        demo.o
    0x08001fe0   0x08001fe0   0x00000088   Code   RO         1027    i.USART1_IRQHandler  usart.o
    0x08002068   0x08002068   0x000000b4   Code   RO         1028    i.USART1_Init       usart.o
    0x0800211c   0x0800211c   0x00000012   Code   RO         6267    i.USART_ClearFlag   stm32f4xx_usart.o
    0x0800212e   0x0800212e   0x00000018   Code   RO         6271    i.USART_Cmd         stm32f4xx_usart.o
    0x08002146   0x08002146   0x0000001a   Code   RO         6274    i.USART_GetFlagStatus  stm32f4xx_usart.o
    0x08002160   0x08002160   0x00000054   Code   RO         6275    i.USART_GetITStatus  stm32f4xx_usart.o
    0x080021b4   0x080021b4   0x0000004a   Code   RO         6277    i.USART_ITConfig    stm32f4xx_usart.o
    0x080021fe   0x080021fe   0x00000002   PAD
    0x08002200   0x08002200   0x000000d4   Code   RO         6278    i.USART_Init        stm32f4xx_usart.o
    0x080022d4   0x080022d4   0x0000000a   Code   RO         6285    i.USART_ReceiveData  stm32f4xx_usart.o
    0x080022de   0x080022de   0x00000008   Code   RO         6288    i.USART_SendData    stm32f4xx_usart.o
    0x080022e6   0x080022e6   0x00000004   Code   RO         1285    i.UsageFault_Handler  stm32f4xx_it.o
    0x080022ea   0x080022ea   0x00000002   PAD
    0x080022ec   0x080022ec   0x00000020   Code   RO         6663    i.__0printf$5       mc_w.l(printf5.o)
    0x0800230c   0x0800230c   0x0000000e   Code   RO         6843    i.__scatterload_copy  mc_w.l(handlers.o)
    0x0800231a   0x0800231a   0x00000002   Code   RO         6844    i.__scatterload_null  mc_w.l(handlers.o)
    0x0800231c   0x0800231c   0x0000000e   Code   RO         6845    i.__scatterload_zeroinit  mc_w.l(handlers.o)
    0x0800232a   0x0800232a   0x000000d2   Code   RO         1149    i._print_X          print.o
    0x080023fc   0x080023fc   0x00000024   Code   RO         1150    i._print_d          print.o
    0x08002420   0x08002420   0x000000d4   Code   RO         1151    i._print_lf         print.o
    0x080024f4   0x080024f4   0x00000298   Code   RO         1152    i._print_num        print.o
    0x0800278c   0x0800278c   0x00000064   Code   RO         1153    i._print_o          print.o
    0x080027f0   0x080027f0   0x000000d2   Code   RO         1154    i._print_x          print.o
    0x080028c2   0x080028c2   0x00000002   PAD
    0x080028c4   0x080028c4   0x000002c0   Code   RO         6670    i._printf_core      mc_w.l(printf5.o)
    0x08002b84   0x08002b84   0x00000020   Code   RO         1155    i._vpchar           print.o
    0x08002ba4   0x08002ba4   0x00000024   Code   RO         1029    i.fputc             usart.o
    0x08002bc8   0x08002bc8   0x000000fc   Code   RO            4    i.main              main.o
    0x08002cc4   0x08002cc4   0x0000001a   Code   RO          286    i.osClockInit       osclock.o
    0x08002cde   0x08002cde   0x00000002   PAD
    0x08002ce0   0x08002ce0   0x00000168   Code   RO          287    i.osClockTimePulse  osclock.o
    0x08002e48   0x08002e48   0x000001d0   Code   RO          379    i.osInit            osmain.o
    0x08003018   0x08003018   0x000000a0   Code   RO          381    i.osMainSpeedTest   osmain.o
    0x080030b8   0x080030b8   0x00000060   Code   RO          423    i.osMemoryFree      osmemory.o
    0x08003118   0x08003118   0x00000006   Code   RO          424    i.osMemoryGetAllValue  osmemory.o
    0x0800311e   0x0800311e   0x00000002   PAD
    0x08003120   0x08003120   0x00000038   Code   RO          425    i.osMemoryGetFreeValue  osmemory.o
    0x08003158   0x08003158   0x00000048   Code   RO          426    i.osMemoryGetPassValue  osmemory.o
    0x080031a0   0x080031a0   0x00000014   Code   RO          427    i.osMemoryInit      osmemory.o
    0x080031b4   0x080031b4   0x00000110   Code   RO          428    i.osMemoryMalloc    osmemory.o
    0x080032c4   0x080032c4   0x00000004   Code   RO          490    i.osPostInit        ospost.o
    0x080032c8   0x080032c8   0x00000030   Code   RO          491    i.osPostRead        ospost.o
    0x080032f8   0x080032f8   0x00000038   Code   RO          492    i.osPostReadWait    ospost.o
    0x08003330   0x08003330   0x00000088   Code   RO          493    i.osPostSend        ospost.o
    0x080033b8   0x080033b8   0x00000028   Code   RO          532    i.osSignalApplyPost  ossignal.o
    0x080033e0   0x080033e0   0x00000090   Code   RO          533    i.osSignalApply_Wait  ossignal.o
    0x08003470   0x08003470   0x0000004c   Code   RO          534    i.osSignalFree      ossignal.o
    0x080034bc   0x080034bc   0x0000006c   Code   RO          535    i.osSignalFreePost  ossignal.o
    0x08003528   0x08003528   0x00000048   Code   RO          536    i.osSignalLogin     ossignal.o
    0x08003570   0x08003570   0x0000008c   Code   RO          538    i.osSignalWaitPost  ossignal.o
    0x080035fc   0x080035fc   0x00000038   Code   RO          593    i.osTaskDelayMs     ostask.o
    0x08003634   0x08003634   0x000002e8   Code   RO          354    i.osTaskError_HardFault  oserror.o
    0x0800391c   0x0800391c   0x00000024   Code   RO          595    i.osTaskExit        ostask.o
    0x08003940   0x08003940   0x000000b0   Code   RO          597    i.osTaskInit        ostask.o
    0x080039f0   0x080039f0   0x000000e8   Code   RO          598    i.osTaskLogin       ostask.o
    0x08003ad8   0x08003ad8   0x00000074   Code   RO          601    i.osTaskNameToTable  ostask.o
    0x08003b4c   0x08003b4c   0x000000cc   Code   RO          602    i.osTaskNext        ostask.o
    0x08003c18   0x08003c18   0x00000180   Code   RO          603    i.osTaskRegister_Write  ostask.o
    0x08003d98   0x08003d98   0x0000011c   Code   RO          604    i.osTaskSet         ostask.o
    0x08003eb4   0x08003eb4   0x00000024   Code   RO         1156    i.pchar             print.o
    0x08003ed8   0x08003ed8   0x00000026   Code   RO         1075    i.uLinkListAdd      linklist.o
    0x08003efe   0x08003efe   0x00000048   Code   RO         1077    i.uLinkListInsert   linklist.o
    0x08003f46   0x08003f46   0x0000001e   Code   RO         1158    i.vpchar            print.o
    0x08003f64   0x08003f64   0x000001da   Code   RO         1159    i.xprint            print.o
    0x0800413e   0x0800413e   0x00004918   Data   RO          838    .constdata          tftlcd.o
    0x08008a56   0x08008a56   0x00000002   PAD
    0x08008a58   0x08008a58   0x00000020   Data   RO         6841    Region$$Table       anon$$obj.o


    Execution Region RW_IRAM1 (Exec base: 0x20000000, Load base: 0x08008a78, Size: 0x00002638, Max: 0x00020000, ABSOLUTE)

    Exec Addr    Load Addr    Size         Type   Attr      Idx    E Section Name        Object

    0x20000000   0x08008a78   0x00000008   Data   RW          288    .data               osclock.o
    0x20000008   0x08008a80   0x00000001   Data   RW          327    .data               oscpu.o
    0x20000009   0x08008a81   0x00000003   PAD
    0x2000000c   0x08008a84   0x00000004   Data   RW          431    .data               osmemory.o
    0x20000010   0x08008a88   0x0000000c   Data   RW          606    .data               ostask.o
    0x2000001c   0x08008a94   0x0000000c   Data   RW          706    .data               rtc.o
    0x20000028   0x08008aa0   0x00000001   Data   RW          769    .data               systick.o
    0x20000029   0x08008aa1   0x00000001   PAD
    0x2000002a   0x08008aa2   0x0000000c   Data   RW          839    .data               tftlcd.o
    0x20000036   0x08008aae   0x00000002   Data   RW         1031    .data               usart.o
    0x20000038   0x08008ab0   0x00000010   Data   RW         4359    .data               stm32f4xx_rcc.o
    0x20000048   0x08008ac0   0x00000004   Data   RW         6821    .data               mc_w.l(stdout.o)
    0x2000004c        -       0x00001c20   Zero   RW          430    .bss                osmemory.o
    0x20001c6c        -       0x00000100   Zero   RW          605    .bss                ostask.o
    0x20001d6c        -       0x000000c8   Zero   RW         1030    .bss                usart.o
    0x20001e34   0x08008ac4   0x00000004   PAD
    0x20001e38        -       0x00000800   Zero   RW         1466    STACK               startup_stm32f40_41xxx.o


==============================================================================

Image component sizes


      Code (inc. data)   RO Data    RW Data    ZI Data      Debug   Object Name

      1372        326          0          0          0       3579   demo.o
       110          0          0          0          0       2085   linklist.o
       252         98          0          0          0     284247   main.o
       180         24          0          0          0       4061   misc.o
       386         22          0          8          0       1950   osclock.o
       204          8          0          1          0       1803   oscpu.o
        44          4          0          0          0        276   oscpu_1.o
       744        394          0          0          0        700   oserror.o
       664        334          0          0          0       1831   osmain.o
       522        124          0          4       7200       5339   osmemory.o
       244         22          0          0          0       2792   ospost.o
       580         34          0          0          0       4610   ossignal.o
      1488        410          0         12        256       8664   ostask.o
      2092         38          0          0          0       7869   print.o
       302          6          0         12          0       2986   rtc.o
        36          8        392          0       2048        848   startup_stm32f40_41xxx.o
       160         12          0          0          0       4133   stm32f4xx_exti.o
       348         12          0          0          0      10197   stm32f4xx_fsmc.o
       218          0          0          0          0       9654   stm32f4xx_gpio.o
        26          0          0          0          0      18619   stm32f4xx_it.o
        12          6          0          0          0        582   stm32f4xx_pwr.o
       540         66          0         16          0      23495   stm32f4xx_rcc.o
       758         72          0          0          0      25065   stm32f4xx_rtc.o
       456          8          0          0          0      12611   stm32f4xx_usart.o
        34          0          0          0          0        634   str.o
       340         32          0          0          0       1573   system_stm32f4xx.o
       108         10          0          1          0       1400   systick.o
      2042        102      18712         12          0      10403   tftlcd.o
       352         26          0          2        200       2432   usart.o

    ----------------------------------------------------------------------
     14644       2198      19138         72       9708     454438   Object Totals
         0          0         32          0          0          0   (incl. Generated)
        30          0          2          4          4          0   (incl. Padding)

    ----------------------------------------------------------------------

      Code (inc. data)   RO Data    RW Data    ZI Data      Debug   Library Member Name

         0          0          0          0          0          0   entry.o
         0          0          0          0          0          0   entry10a.o
         0          0          0          0          0          0   entry11a.o
         8          4          0          0          0          0   entry2.o
         4          0          0          0          0          0   entry5.o
         0          0          0          0          0          0   entry7b.o
         0          0          0          0          0          0   entry8b.o
         8          4          0          0          0          0   entry9a.o
        30          0          0          0          0          0   handlers.o
        36          8          0          0          0         68   init.o
         0          0          0          0          0          0   iusefp.o
        98          0          0          0          0         84   ldiv.o
        30          0          0          0          0         68   llshl.o
        32          0          0          0          0         68   llushr.o
       736         56          0          0          0        184   printf5.o
         0          0          0          4          0          0   stdout.o
        98          0          0          0          0         92   uldiv.o
       186          0          0          0          0        176   depilogue.o
        62          0          0          0          0         80   dfixi.o
        50          0          0          0          0         76   dfixui.o
        34          0          0          0          0         76   dflti.o
        26          0          0          0          0         76   dfltui.o
       228          0          0          0          0         96   dmul.o

    ----------------------------------------------------------------------
      1666         72          0          4          0       1144   Library Totals
         0          0          0          0          0          0   (incl. Padding)

    ----------------------------------------------------------------------

      Code (inc. data)   RO Data    RW Data    ZI Data      Debug   Library Name

      1080         72          0          4          0        564   mc_w.l
       586          0          0          0          0        580   mf_w.l

    ----------------------------------------------------------------------
      1666         72          0          4          0       1144   Library Totals

    ----------------------------------------------------------------------

==============================================================================


      Code (inc. data)   RO Data    RW Data    ZI Data      Debug   

     16310       2270      19138         76       9708     443614   Grand Totals
     16310       2270      19138         76       9708     443614   ELF Image Totals
     16310       2270      19138         76          0          0   ROM Totals

==============================================================================

    Total RO  Size (Code + RO Data)                35448 (  34.62kB)
    Total RW  Size (RW Data + ZI Data)              9784 (   9.55kB)
    Total ROM Size (Code + RO Data + RW Data)      35524 (  34.69kB)

==============================================================================

